Microchip MPLAB XC8 Compiler V2.32

Linker command line:

-W-3 --edf=C:\Program Files\Microchip\xc8\v2.32\pic\dat\en_msgs.txt -cn \
  -h+dist/default/production\UA53-Series1.X.production.sym \
  --cmf=dist/default/production\UA53-Series1.X.production.cmf -z -Q18F26J50 \
  -oC:\Users\dekist\AppData\Local\Temp\xcAsrag.4 --defsym=__MPLAB_BUILD=1 \
  -Mdist/default/production/UA53-Series1.X.production.map -E1 \
  -ver=XC8 Compiler --acfsm=1493 -ASTACK=063Ch-0EBFh -pstack=STACK \
  -p_FlashSignatureWord_const=2006h -ACODE=02000h-0FFF7h \
  -ACONST=02000h-0FFF7h -ASMALLCONST=02000h-020FFhx223,0FF00h-0FFF7h \
  -AMEDIUMCONST=02000h-0FFF7h -ACOMRAM=01h-05Fh -AABS1=00h-0EBFh \
  -ABIGRAM=01h-0EBFh -ARAM=060h-0FFh,0100h-01FFhx13,0E00h-0EBFh \
  -ABANK0=060h-0FFh -ABANK1=0100h-01FFh -ABANK2=0200h-02FFh \
  -ABANK3=0300h-03FFh -ABANK4=0400h-04FFh -ABANK5=0500h-05FFh \
  -ABANK6=0600h-06FFh -ABANK7=0700h-07FFh -ABANK8=0800h-08FFh \
  -ABANK9=0900h-09FFh -ABANK10=0A00h-0AFFh -ABANK11=0B00h-0BFFh \
  -ABANK12=0C00h-0CFFh -ABANK13=0D00h-0DFFh -ABANK14=0E00h-0EBFh \
  -ASFR=0EC0h-0EFFh,0F00h-0F5Fh,0F60h-0FFFh -ACONFIG=0FFF8h-0FFFFh \
  -preset_vec=02000h,intcode=02008h,intcodelo,powerup,init -pramtop=0F00h \
  -psmallconst=SMALLCONST -pmediumconst=MEDIUMCONST -pconst=CONST \
  -AFARRAM=00h-00h -pjflash_buffer=0F800h \
  -prdata=COMRAM,nvrram=COMRAM,nvbit=COMRAM,rbss=COMRAM,rbit=COMRAM \
  -pfarbss=FARRAM,fardata=FARRAM,nvFARRAM=FARRAM \
  -pintsave_regs=BIGRAM,bigbss=BIGRAM,bigdata=BIGRAM -pbss=RAM \
  -pidata=CODE,irdata=CODE,ibigdata=CODE,ifardata=CODE -prparam=COMRAM \
  C:\Users\dekist\AppData\Local\Temp\xcAsrag.o \
  dist/default/production\UA53-Series1.X.production.o 

Object code version is 3.11

Machine type is 18F26J50



                Name                               Link     Load   Length Selector   Space Scale
C:\Users\dekist\AppData\Local\Temp\xcAsrag.o
                config                             FFF8     FFF8        8        0       4
                init                               2086     2086        4     1004       0
                reset_vec                          2000     2000        4     1000       0
dist/default/production\UA53-Series1.X.production.o
                intcode                            2008     2008       7E     1004       0
                config                             FFF8     FFF8        8        0       4
                temp                                 5F       5F        1        1       1
                mediumconst                        208A     208A      32C     1045       0
                text179                            D218     D218       32     11DB       0
                text178                            9590     9590      144     11DB       0
                text177                            C838     C838       62     11DB       0
                text176                            C36A     C36A       6C     11DB       0
                text175                            D64E     D64E        C     11DB       0
                text174                            D2D8     D2D8       2E     11DB       0
                text173                            CF94     CF94       3A     11DB       0
                text172                            D66A     D66A        6     11DB       0
                text171                            D1E6     D1E6       32     11DB       0
                text170                            CA60     CA60       58     11DB       0
                text169                            D65A     D65A        A     11DB       0
                text168                            C710     C710       64     11DB       0
                text167                            BFC6     BFC6       7A     11DB       0
                text166                            C21A     C21A       74     11DB       0
                text165                            D3D4     D3D4       26     11DB       0
                text164                            D0E4     D0E4       36     11DB       0
                text163                            C440     C440       6A     11DB       0
                text162                            B6A4     B6A4       A6     11DB       0
                text161                            AE44     AE44       BE     11DB       0
                text160                            75F2     75F2      22C     11DB       0
                text159                            416A     416A      68A     11DB       0
                text158                            A0CA     A0CA      108     11DB       0
                text157                            D664     D664        6     11DB       0
                text156                            C646     C646       66     11DB       0
                text155                            D3AE     D3AE       26     11DB       0
                text154                            CA08     CA08       58     11DB       0
                text153                            BB7C     BB7C       90     11DB       0
                text152                            9812     9812      12C     11DB       0
                text151                            CD7E     CD7E       4A     11DB       0
                text150                            AD82     AD82       C2     11DB       0
                text149                            D5A2     D5A2       1E     11DB       0
                text148                            D5DC     D5DC       1A     11DB       0
                text147                            D584     D584       1E     11DB       0
                text146                            781E     781E      202     11DB       0
                text145                            ACBE     ACBE       C4     11DB       0
                text144                            D5C0     D5C0       1C     11DB       0
                text143                            BDB4     BDB4       8C     11DB       0
                text142                            C5E0     C5E0       66     11DB       0
                text141                            D566     D566       1E     11DB       0
                text140                            9B7C     9B7C      118     11DB       0
                text139                            9C94     9C94      112     11DB       0
                text138                            A6C4     A6C4       F2     11DB       0
                text137                            9066     9066      14E     11DB       0
                text136                            C1A4     C1A4       76     11DB       0
                text135                            B54E     B54E       AC     11DB       0
                text134                            CCE8     CCE8       4C     11DB       0
                text133                            96D4     96D4      13E     11DB       0
                text132                            C512     C512       68     11DB       0
                text131                            C040     C040       78     11DB       0
                text130                            A4DC     A4DC       F6     11DB       0
                text129                            D546     D546       20     11DB       0
                text128                            B7EE     B7EE       A0     11DB       0
                text127                            62C8     62C8      362     11DB       0
                text126                            9300     9300      14C     11DB       0
                text125                            9DA6     9DA6      10E     11DB       0
                text124                            D076     D076       38     11DB       0
                text123                            A8A2     A8A2       EC     11DB       0
                text122                            9FC0     9FC0      10A     11DB       0
                text121                            B1DC     B1DC       B4     11DB       0
                text120                            8F16     8F16      150     11DB       0
                text119                            BA5A     BA5A       92     11DB       0
                text118                            CB60     CB60       50     11DB       0
                text117                            AF02     AF02       BA     11DB       0
                text116                            8C64     8C64      15C     11DB       0
                text115                            D03E     D03E       38     11DB       0
                text114                            C7D6     C7D6       62     11DB       0
                text113                            D1B4     D1B4       32     11DB       0
                text112                            CE56     CE56       44     11DB       0
                text111                            6E92     6E92      288     11DB       0
                text110                            D670     D670        4     11DB       0
                text109                            7FBA     7FBA      1C8     11DB       0
                text108                            CC9A     CC9A       4E     11DB       0
                text107                            AFBC     AFBC       B8     11DB       0
                text106                            B92C     B92C       98     11DB       0
                text105                            BEC8     BEC8       80     11DB       0
                text104                            5F2C     5F2C      39C     11DB       0
                text103                            B5FA     B5FA       AA     11DB       0
                text102                            A2D8     A2D8      104     11DB       0
                text101                            D006     D006       38     11DB       0
                text100                            5226     5226      4C0     11DB       0
                text99                             CE10     CE10       46     11DB       0
                text98                             A1D2     A1D2      106     11DB       0
                text97                             B74A     B74A       A4     11DB       0
                text96                             BE40     BE40       88     11DB       0
                text95                             8182     8182      1B4     11DB       0
                text94                             91B4     91B4      14C     11DB       0
                text93                             8DC0     8DC0      156     11DB       0
                text92                             56E6     56E6      42A     11DB       0
                text91                             6BEC     6BEC      2A6     11DB       0
                text90                             D182     D182       32     11DB       0
                text89                             ABFA     ABFA       C4     11DB       0
                text88                             B3F2     B3F2       B0     11DB       0
                text87                             5B10     5B10      41C     11DB       0
                text86                             3092     3092      938     11DB       0
                text85                             CC4C     CC4C       4E     11DB       0
                text84                             9EB4     9EB4      10C     11DB       0
                text83                             A7B6     A7B6       EC     11DB       0
                text82                             8986     8986      170     11DB       0
                text81                             BAEC     BAEC       90     11DB       0
                text80                             C3D6     C3D6       6A     11DB       0
                text79                             CBFE     CBFE       4E     11DB       0
                text78                             D332     D332       2C     11DB       0
                text77                             D27A     D27A       30     11DB       0
                text76                             23B6     23B6      CDC     11DB       0
                text75                             9A64     9A64      118     11DB       0
                text74                             B128     B128       B4     11DB       0
                text73                             C774     C774       62     11DB       0
                text72                             BD28     BD28       8C     11DB       0
                text71                             4D12     4D12      514     11DB       0
                text70                             D526     D526       20     11DB       0
                text69                             D5F6     D5F6       18     11DB       0
                text68                             D634     D634        E     11DB       0
                text67                             D642     D642        C     11DB       0
                text66                             738E     738E      264     11DB       0
                text65                             944C     944C      144     11DB       0
                text64                             CD34     CD34       4A     11DB       0
                text63                             D306     D306       2C     11DB       0
                text62                             993E     993E      126     11DB       0
                text61                             47F4     47F4      51E     11DB       0
                text60                             7A20     7A20      1FA     11DB       0
                text59                             D464     D464       22     11DB       0
                text58                             C9B0     C9B0       58     11DB       0
                text57                             C12E     C12E       76     11DB       0
                text56                             C958     C958       58     11DB       0
                text55                             7C1A     7C1A      1D8     11DB       0
                text54                             AB36     AB36       C4     11DB       0
                text53                             B074     B074       B4     11DB       0
                text52                             B290     B290       B2     11DB       0
                text51                             39CA     39CA      7A0     11DB       0
                text50                             AA68     AA68       CE     11DB       0
                text49                             C0B8     C0B8       76     11DB       0
                text48                             CDC8     CDC8       48     11DB       0
                text47                             691A     691A      2D2     11DB       0
                text46                             D442     D442       22     11DB       0
                text45                             7DF2     7DF2      1C8     11DB       0
                text44                             662A     662A      2F0     11DB       0
                text43                             CAB8     CAB8       56     11DB       0
                text42                             D41E     D41E       24     11DB       0
                text41                             D3FA     D3FA       24     11DB       0
                text40                             CF5A     CF5A       3A     11DB       0
                text39                             B4A2     B4A2       AC     11DB       0
                text38                             C28E     C28E       70     11DB       0
                text37                             CB0E     CB0E       52     11DB       0
                text36                             BF48     BF48       7E     11DB       0
                text35                             C2FE     C2FE       6C     11DB       0
                text34                             D386     D386       28     11DB       0
                text33                             8AF6     8AF6      16E     11DB       0
                text32                             C4AA     C4AA       68     11DB       0
                text31                             D2AA     D2AA       2E     11DB       0
                text30                             A3DC     A3DC      100     11DB       0
                text29                             8686     8686      188     11DB       0
                text28                             C89A     C89A       60     11DB       0
                text27                             D60E     D60E       16     11DB       0
                text26                             B9C4     B9C4       96     11DB       0
                text25                             C8FA     C8FA       5E     11DB       0
                text24                             CFCE     CFCE       38     11DB       0
                text23                             D624     D624       10     11DB       0
                text22                             C57A     C57A       66     11DB       0
                text21                             D35E     D35E       28     11DB       0
                text20                             D506     D506       20     11DB       0
                text19                             D0AE     D0AE       36     11DB       0
                text18                             D24A     D24A       30     11DB       0
                text17                             CEDC     CEDC       42     11DB       0
                text16                             D4E6     D4E6       20     11DB       0
                text15                             B342     B342       B0     11DB       0
                text14                             D4C6     D4C6       20     11DB       0
                text13                             D4A6     D4A6       20     11DB       0
                text12                             D486     D486       20     11DB       0
                text11                             C6AC     C6AC       64     11DB       0
                text10                             CBB0     CBB0       4E     11DB       0
                text9                              711A     711A      274     11DB       0
                text8                              D14E     D14E       34     11DB       0
                text7                              A98E     A98E       DA     11DB       0
                text6                              880E     880E      178     11DB       0
                text5                              84E0     84E0      1A6     11DB       0
                text4                              BC9A     BC9A       8E     11DB       0
                text3                              CE9A     CE9A       42     11DB       0
                text2                              8336     8336      1AA     11DB       0
                text1                              A5D2     A5D2       F2     11DB       0
                text0                              BC0C     BC0C       8E     11DB       0
                cstackCOMRAM                          1        1       5E        1       1
                cstackBANK0                          60       60       54       60       1
                dataBANK6                           600      600       3C      600       1
                bssBANK5                            500      500       F3      500       1
                dataBANK4                           4C3      4C3       34      440       1
                bssBANK4                            440      440       83      440       1
                bssBANK3                            300      300       F5      300       1
                bssBANK2                            200      200       FF      200       1
                bssBANK1                            100      100       FA      100       1
                bssBANK0                             B4       B4       4A       60       1
                cinit                              B88E     B88E       9E     11DB       0
                _FlashSignatureWord_const          2006     2006        2     1003       0
                idataBANK6                         CF1E     CF1E       3C     11DB       0
                idataBANK4                         D11A     D11A       34     11DB       0

TOTAL           Name                               Link     Load   Length     Space
        CLASS   STACK          

        CLASS   CODE           
                intcode                            2008     2008       7E         0
                init                               2086     2086        4         0
                reset_vec                          2000     2000        4         0
                text179                            D218     D218       32         0
                text178                            9590     9590      144         0
                text177                            C838     C838       62         0
                text176                            C36A     C36A       6C         0
                text175                            D64E     D64E        C         0
                text174                            D2D8     D2D8       2E         0
                text173                            CF94     CF94       3A         0
                text172                            D66A     D66A        6         0
                text171                            D1E6     D1E6       32         0
                text170                            CA60     CA60       58         0
                text169                            D65A     D65A        A         0
                text168                            C710     C710       64         0
                text167                            BFC6     BFC6       7A         0
                text166                            C21A     C21A       74         0
                text165                            D3D4     D3D4       26         0
                text164                            D0E4     D0E4       36         0
                text163                            C440     C440       6A         0
                text162                            B6A4     B6A4       A6         0
                text161                            AE44     AE44       BE         0
                text160                            75F2     75F2      22C         0
                text159                            416A     416A      68A         0
                text158                            A0CA     A0CA      108         0
                text157                            D664     D664        6         0
                text156                            C646     C646       66         0
                text155                            D3AE     D3AE       26         0
                text154                            CA08     CA08       58         0
                text153                            BB7C     BB7C       90         0
                text152                            9812     9812      12C         0
                text151                            CD7E     CD7E       4A         0
                text150                            AD82     AD82       C2         0
                text149                            D5A2     D5A2       1E         0
                text148                            D5DC     D5DC       1A         0
                text147                            D584     D584       1E         0
                text146                            781E     781E      202         0
                text145                            ACBE     ACBE       C4         0
                text144                            D5C0     D5C0       1C         0
                text143                            BDB4     BDB4       8C         0
                text142                            C5E0     C5E0       66         0
                text141                            D566     D566       1E         0
                text140                            9B7C     9B7C      118         0
                text139                            9C94     9C94      112         0
                text138                            A6C4     A6C4       F2         0
                text137                            9066     9066      14E         0
                text136                            C1A4     C1A4       76         0
                text135                            B54E     B54E       AC         0
                text134                            CCE8     CCE8       4C         0
                text133                            96D4     96D4      13E         0
                text132                            C512     C512       68         0
                text131                            C040     C040       78         0
                text130                            A4DC     A4DC       F6         0
                text129                            D546     D546       20         0
                text128                            B7EE     B7EE       A0         0
                text127                            62C8     62C8      362         0
                text126                            9300     9300      14C         0
                text125                            9DA6     9DA6      10E         0
                text124                            D076     D076       38         0
                text123                            A8A2     A8A2       EC         0
                text122                            9FC0     9FC0      10A         0
                text121                            B1DC     B1DC       B4         0
                text120                            8F16     8F16      150         0
                text119                            BA5A     BA5A       92         0
                text118                            CB60     CB60       50         0
                text117                            AF02     AF02       BA         0
                text116                            8C64     8C64      15C         0
                text115                            D03E     D03E       38         0
                text114                            C7D6     C7D6       62         0
                text113                            D1B4     D1B4       32         0
                text112                            CE56     CE56       44         0
                text111                            6E92     6E92      288         0
                text110                            D670     D670        4         0
                text109                            7FBA     7FBA      1C8         0
                text108                            CC9A     CC9A       4E         0
                text107                            AFBC     AFBC       B8         0
                text106                            B92C     B92C       98         0
                text105                            BEC8     BEC8       80         0
                text104                            5F2C     5F2C      39C         0
                text103                            B5FA     B5FA       AA         0
                text102                            A2D8     A2D8      104         0
                text101                            D006     D006       38         0
                text100                            5226     5226      4C0         0
                text99                             CE10     CE10       46         0
                text98                             A1D2     A1D2      106         0
                text97                             B74A     B74A       A4         0
                text96                             BE40     BE40       88         0
                text95                             8182     8182      1B4         0
                text94                             91B4     91B4      14C         0
                text93                             8DC0     8DC0      156         0
                text92                             56E6     56E6      42A         0
                text91                             6BEC     6BEC      2A6         0
                text90                             D182     D182       32         0
                text89                             ABFA     ABFA       C4         0
                text88                             B3F2     B3F2       B0         0
                text87                             5B10     5B10      41C         0
                text86                             3092     3092      938         0
                text85                             CC4C     CC4C       4E         0
                text84                             9EB4     9EB4      10C         0
                text83                             A7B6     A7B6       EC         0
                text82                             8986     8986      170         0
                text81                             BAEC     BAEC       90         0
                text80                             C3D6     C3D6       6A         0
                text79                             CBFE     CBFE       4E         0
                text78                             D332     D332       2C         0
                text77                             D27A     D27A       30         0
                text76                             23B6     23B6      CDC         0
                text75                             9A64     9A64      118         0
                text74                             B128     B128       B4         0
                text73                             C774     C774       62         0
                text72                             BD28     BD28       8C         0
                text71                             4D12     4D12      514         0
                text70                             D526     D526       20         0
                text69                             D5F6     D5F6       18         0
                text68                             D634     D634        E         0
                text67                             D642     D642        C         0
                text66                             738E     738E      264         0
                text65                             944C     944C      144         0
                text64                             CD34     CD34       4A         0
                text63                             D306     D306       2C         0
                text62                             993E     993E      126         0
                text61                             47F4     47F4      51E         0
                text60                             7A20     7A20      1FA         0
                text59                             D464     D464       22         0
                text58                             C9B0     C9B0       58         0
                text57                             C12E     C12E       76         0
                text56                             C958     C958       58         0
                text55                             7C1A     7C1A      1D8         0
                text54                             AB36     AB36       C4         0
                text53                             B074     B074       B4         0
                text52                             B290     B290       B2         0
                text51                             39CA     39CA      7A0         0
                text50                             AA68     AA68       CE         0
                text49                             C0B8     C0B8       76         0
                text48                             CDC8     CDC8       48         0
                text47                             691A     691A      2D2         0
                text46                             D442     D442       22         0
                text45                             7DF2     7DF2      1C8         0
                text44                             662A     662A      2F0         0
                text43                             CAB8     CAB8       56         0
                text42                             D41E     D41E       24         0
                text41                             D3FA     D3FA       24         0
                text40                             CF5A     CF5A       3A         0
                text39                             B4A2     B4A2       AC         0
                text38                             C28E     C28E       70         0
                text37                             CB0E     CB0E       52         0
                text36                             BF48     BF48       7E         0
                text35                             C2FE     C2FE       6C         0
                text34                             D386     D386       28         0
                text33                             8AF6     8AF6      16E         0
                text32                             C4AA     C4AA       68         0
                text31                             D2AA     D2AA       2E         0
                text30                             A3DC     A3DC      100         0
                text29                             8686     8686      188         0
                text28                             C89A     C89A       60         0
                text27                             D60E     D60E       16         0
                text26                             B9C4     B9C4       96         0
                text25                             C8FA     C8FA       5E         0
                text24                             CFCE     CFCE       38         0
                text23                             D624     D624       10         0
                text22                             C57A     C57A       66         0
                text21                             D35E     D35E       28         0
                text20                             D506     D506       20         0
                text19                             D0AE     D0AE       36         0
                text18                             D24A     D24A       30         0
                text17                             CEDC     CEDC       42         0
                text16                             D4E6     D4E6       20         0
                text15                             B342     B342       B0         0
                text14                             D4C6     D4C6       20         0
                text13                             D4A6     D4A6       20         0
                text12                             D486     D486       20         0
                text11                             C6AC     C6AC       64         0
                text10                             CBB0     CBB0       4E         0
                text9                              711A     711A      274         0
                text8                              D14E     D14E       34         0
                text7                              A98E     A98E       DA         0
                text6                              880E     880E      178         0
                text5                              84E0     84E0      1A6         0
                text4                              BC9A     BC9A       8E         0
                text3                              CE9A     CE9A       42         0
                text2                              8336     8336      1AA         0
                text1                              A5D2     A5D2       F2         0
                text0                              BC0C     BC0C       8E         0
                cinit                              B88E     B88E       9E         0
                _FlashSignatureWord_const          2006     2006        2         0
                idataBANK6                         CF1E     CF1E       3C         0
                idataBANK4                         D11A     D11A       34         0

        CLASS   CONST          

        CLASS   SMALLCONST     

        CLASS   MEDIUMCONST    
                mediumconst                        208A     208A      32C         0

        CLASS   COMRAM         
                temp                                 5F       5F        1         1
                cstackCOMRAM                          1        1       5E         1

        CLASS   ABS1           
                abs_s1                              400      400       40         1

        CLASS   BIGRAM         

        CLASS   RAM            

        CLASS   BANK0          
                cstackBANK0                          60       60       54         1
                bssBANK0                             B4       B4       4A         1

        CLASS   BANK1          
                bssBANK1                            100      100       FA         1

        CLASS   BANK2          
                bssBANK2                            200      200       FF         1

        CLASS   BANK3          
                bssBANK3                            300      300       F5         1

        CLASS   BANK4          
                dataBANK4                           4C3      4C3       34         1
                bssBANK4                            440      440       83         1

        CLASS   BANK5          
                bssBANK5                            500      500       F3         1

        CLASS   BANK6          
                dataBANK6                           600      600       3C         1

        CLASS   BANK7          

        CLASS   BANK8          

        CLASS   BANK9          

        CLASS   BANK10         

        CLASS   BANK11         

        CLASS   BANK12         

        CLASS   BANK13         

        CLASS   BANK14         

        CLASS   SFR            

        CLASS   CONFIG         
                config                             FFF8     FFF8        8         4

        CLASS   FARRAM         

        CLASS   IDLOC          



SEGMENTS        Name                           Load    Length   Top    Selector   Space  Class

                cstackCOMRAM                   000001  00005F  000060         1       1  COMRAM  
                cstackBANK0                    000060  00009E  0000FE        60       1  BANK0   
                bssBANK1                       000100  0000FA  0001FA       100       1  BANK1   
                bssBANK2                       000200  0000FF  0002FF       200       1  BANK2   
                bssBANK3                       000300  0000F5  0003F5       300       1  BANK3   
                bssBANK4                       000440  0000B7  0004F7       440       1  BANK4   
                bssBANK5                       000500  0000F3  0005F3       500       1  BANK5   
                dataBANK6                      000600  00003C  00063C       600       1  BANK6   
                reset_vec                      002000  000004  002004      1000       0  CODE    
                _FlashSignatureWord_const      002006  000002  002008      1003       0  CODE    
                intcode                        002008  000082  00208A      1004       0  CODE    
                mediumconst                    00208A  00032C  0023B6      1045       0  MEDIUMCO
                text76                         0023B6  00B2BE  00D674      11DB       0  CODE    


UNUSED ADDRESS RANGES

        Name                Unused          Largest block    Delta
        BANK0            000FE-000FF               2
        BANK1            001FA-001FF               6
        BANK10           00A00-00AFF             100
        BANK11           00B00-00BFF             100
        BANK12           00C00-00CFF             100
        BANK13           00D00-00DFF             100
        BANK14           00E00-00EBF              C0
        BANK2            002FF-002FF               1
        BANK3            003F5-003FF               B
        BANK4            004F7-004FF               9
        BANK5            005F3-005FF               D
        BANK6            0063C-006FF              C4
        BANK7            00700-007FF             100
        BANK8            00800-008FF             100
        BANK9            00900-009FF             100
        BIGRAM           000FE-000FF               2
                         001FA-001FF               6
                         002FF-002FF               1
                         003F5-003FF               B
                         004F7-004FF               9
                         005F3-005FF               D
                         0063C-00EBF             884
        CODE             02004-02005               2
                         0D674-0FFF7            2984
        CONST            02004-02005               2
                         0D674-0FFF7            2984
        FARRAM           00000-00000               1
        MEDIUMCONST      02004-02005               2
                         0D674-0FFF7            2984
        RAM              000FE-000FF               2
                         001FA-001FF               6
                         002FF-002FF               1
                         003F5-003FF               B
                         004F7-004FF               9
                         005F3-005FF               D
                         0063C-00EBF             100
        SFR              00EC0-00FFF              60
        SMALLCONST       02004-02005               2
                         0D674-0FFF7             100
        STACK            0063C-00EBF             884

                                  Symbol Table

?_ADCto_uVoltage                           cstackBANK0               00060
?_FSR_set_LSB                              cstackCOMRAM              00001
?_Kalman_updateEstimate                    cstackBANK0               00079
?_USBTransferOnePacket                     cstackCOMRAM              00001
?___aldiv                                  cstackCOMRAM              00001
?___almod                                  cstackCOMRAM              00001
?___awdiv                                  cstackCOMRAM              00007
?___awmod                                  cstackCOMRAM              00001
?___fladd                                  cstackCOMRAM              00027
?___fldiv                                  cstackBANK0               00060
?___flmul                                  cstackCOMRAM              00043
?___flneg                                  cstackCOMRAM              00001
?___flsub                                  cstackCOMRAM              00037
?___fltol                                  cstackCOMRAM              0000F
?___lldiv                                  cstackCOMRAM              00001
?___llmod                                  cstackCOMRAM              00001
?___lmul                                   cstackCOMRAM              00001
?___lwdiv                                  cstackCOMRAM              00007
?___lwmod                                  cstackCOMRAM              00001
?___wmul                                   cstackCOMRAM              00001
?___xxtofl                                 cstackCOMRAM              00019
?__atof                                    cstackBANK0               00079
?__atoi                                    cstackCOMRAM              0000D
?__div_to_l_                               cstackCOMRAM              00001
?__ftoa                                    cstackBANK0               00094
?__itoa                                    cstackCOMRAM              0000F
?__strcpy                                  cstackCOMRAM              00001
?__strlen                                  cstackCOMRAM              00001
?__tdiv_to_l_                              cstackCOMRAM              00001
?_build_time                               cstackCOMRAM              00036
?_compensate_temperature                   cstackCOMRAM              00001
?_fabs                                     cstackCOMRAM              0003F
?_fmod                                     cstackBANK0               00079
?_frexp                                    cstackCOMRAM              0000D
?_fround                                   cstackBANK0               00060
?_gasSensor_calib                          cstackBANK0               00079
?_gasSensor_lowfilter                      cstackCOMRAM              0000D
?_get_product_desc                         cstackCOMRAM              00001
?_isleap                                   cstackCOMRAM              00006
?_mktime                                   cstackCOMRAM              00028
?_months_to_days                           cstackCOMRAM              0000E
?_param_copy                               cstackCOMRAM              00002
?_scale                                    cstackBANK0               00060
?_sprintf                                  cstackBANK0               0006D
?_trunc                                    cstackCOMRAM              00027
?_years_to_days                            cstackCOMRAM              0000E
?_ymd_to_scalar                            cstackCOMRAM              00018
ADCto_uVoltage@gain                        cstackBANK0               00062
ADCto_uVoltage@lsb                         cstackBANK0               00068
ADCto_uVoltage@raw_adc                     cstackBANK0               00060
ADCto_uVoltage@uVolt                       cstackBANK0               00064
CDCTxService@byte_to_send                  cstackCOMRAM              0000D
CDCTxService@i                             cstackCOMRAM              0000C
DelayRoutine@DelayAmount                   cstackCOMRAM              00001
FSR_set_LSB@gain                           cstackCOMRAM              00005
I2C_Read@I2CReadData                       cstackCOMRAM              00002
I2C_Read@ack                               cstackCOMRAM              00001
I2C_Write@I2cWriteData                     cstackCOMRAM              00001
Kalman_setEstimateError@est_e              cstackCOMRAM              00003
Kalman_setEstimateError@pObj               cstackCOMRAM              00001
Kalman_setMeasurementError@mea_e           cstackCOMRAM              00003
Kalman_setMeasurementError@pObj            cstackCOMRAM              00001
Kalman_setProcessNoise@pObj                cstackCOMRAM              00001
Kalman_setProcessNoise@q                   cstackCOMRAM              00003
Kalman_updateEstimate@mea                  cstackBANK0               0007B
Kalman_updateEstimate@pObj                 cstackBANK0               00079
LED_Enable@led                             cstackCOMRAM              00001
LED_On@led                                 cstackCOMRAM              00001
Linear_regression@index                    cstackBANK0               00095
Linear_regression@p                        cstackBANK0               00085
Linear_regression@uVoltage                 cstackBANK0               00087
Linear_regression_init@index               cstackCOMRAM              00005
Linear_regression_init@p                   cstackCOMRAM              00001
SYSTEM_Initialize@pll_startup_counter      cstackCOMRAM              00001
SYSTEM_Initialize@pll_startup_counter_5257 cstackCOMRAM              00003
SYSTEM_Initialize@state                    cstackCOMRAM              00005
Set_KamanFilter_Sensitivity@e_level        cstackCOMRAM              00007
USBConfigureEndpoint@EPNum                 cstackCOMRAM              00006
USBConfigureEndpoint@direction             cstackCOMRAM              00001
USBConfigureEndpoint@handle                cstackCOMRAM              00007
USBCtrlTrfInHandler@lastDTS                cstackCOMRAM              00002
USBCtrlTrfRxService@byteToRead             cstackCOMRAM              00002
USBCtrlTrfRxService@i                      cstackCOMRAM              00001
USBCtrlTrfTxService@byteToSend             cstackCOMRAM              00001
USBDeviceInit@i                            cstackCOMRAM              00009
USBDeviceTasks@i                           cstackCOMRAM              0001D
USBEnableEndpoint@ep                       cstackCOMRAM              0000C
USBEnableEndpoint@options                  cstackCOMRAM              00009
USBEnableEndpoint@p                        cstackCOMRAM              0000A
USBStdFeatureReqHandler@current_ep_data    cstackCOMRAM              00019
USBStdFeatureReqHandler@p                  cstackCOMRAM              0001A
USBStdFeatureReqHandler@pUEP               cstackCOMRAM              00017
USBStdGetStatusHandler@p                   cstackCOMRAM              00002
USBStdSetCfgHandler@i                      cstackCOMRAM              00015
USBTransferOnePacket@data                  cstackCOMRAM              00002
USBTransferOnePacket@dir                   cstackCOMRAM              00001
USBTransferOnePacket@ep                    cstackCOMRAM              00009
USBTransferOnePacket@handle                cstackCOMRAM              0000A
USBTransferOnePacket@len                   cstackCOMRAM              00004
USER_USB_CALLBACK_EVENT_HANDLER@event      cstackCOMRAM              0000D
USER_USB_CALLBACK_EVENT_HANDLER@pdata      cstackCOMRAM              0000F
USER_USB_CALLBACK_EVENT_HANDLER@size       cstackCOMRAM              00011
_ADCto_uVoltage                            text49                    0C0B8
_ANCON0                                    (abs)                     00F48
_ANCON1                                    (abs)                     00F49
_BDT                                       (abs)                     00400
_BaudRateGen                               bssBANK1                  0016C
_Board_initialize                          text142                   0C5E0
_BothEP0OutUOWNsSet                        bssBANK0                  000DC
_CDCDataInHandle                           bssBANK1                  00188
_CDCDataOutHandle                          bssBANK0                  000C9
_CDCInitEP                                 text132                   0C512
_CDCTxService                              text109                   07FBA
_CtrlTrfData                               (abs)                     00438
_DelayRoutine                              text70                    0D526
_EECON1bits                                (abs)                     00FA6
_EECON2                                    (abs)                     00FA7
_FSR_set_LSB                               text50                    0AA68
_FlashSignatureWord                        _FlashSignatureWord_const 02006
_FlashSignatureWord_absconstaddr           (abs)                     02006
_I2C_Read                                  text43                    0CAB8
_I2C_Start                                 text42                    0D41E
_I2C_Stop                                  text41                    0D3FA
_I2C_Write                                 text40                    0CF5A
_INTCON2bits                               (abs)                     00FF1
_INTCONbits                                (abs)                     00FF2
_InitTimer                                 text141                   0D566
_Kalman_setEstimateError                   text149                   0D5A2
_Kalman_setMeasurementError                text148                   0D5DC
_Kalman_setProcessNoise                    text147                   0D584
_Kalman_updateEstimate                     text47                    0691A
_Kalman_updateEstimate$6563                cstackBANK0               00083
_Kalman_updateEstimate$6564                cstackBANK0               0007F
_LATBbits                                  (abs)                     00F8A
_LED_Enable                                text179                   0D218
_LED_Off                                   text172                   0D66A
_LED_On                                    text171                   0D1E6
_Linear_regression                         text51                    039CA
_Linear_regression$6561                    cstackBANK0               00091
_Linear_regression_init                    text178                   09590
_OSCCON                                    (abs)                     00FD3
_OSCTUNEbits                               (abs)                     00F9B
_PIE2bits                                  (abs)                     00FA0
_PIR1bits                                  (abs)                     00F9E
_PIR2bits                                  (abs)                     00FA1
_RCONbits                                  (abs)                     00FD0
_RemoteWakeup                              bssBANK0                  000DF
_ResetBootloaderCleanly                    text68                    0D634
_ResetDeviceCleanly                        text67                    0D642
_SSP1ADD                                   (abs)                     00FC8
_SSP1BUF                                   (abs)                     00FC9
_SSP1CON1                                  (abs)                     00FC6
_SSP1CON2                                  (abs)                     00FC5
_SSP1CON2bits                              (abs)                     00FC5
_SSP1STAT                                  (abs)                     00FC7
_SSP1STATbits                              (abs)                     00FC7
_SYSTEM_Initialize                         text131                   0C040
_SYS_InterruptHigh                         intcode                   02008
_Set_KamanFilter_Sensitivity               text146                   0781E
_SetupPkt                                  (abs)                     00430
_T0CONbits                                 (abs)                     00FD5
_TABLAT                                    (abs)                     00FF5
_TBLPTRH                                   (abs)                     00FF7
_TBLPTRL                                   (abs)                     00FF6
_TBLPTRU                                   (abs)                     00FF8
_TMR0L                                     (abs)                     00FD6
_TRISBbits                                 (abs)                     00F93
_UADDR                                     (abs)                     00F38
_UCFG                                      (abs)                     00F39
_UCON                                      (abs)                     00F65
_UCONbits                                  (abs)                     00F65
_UEIE                                      (abs)                     00F37
_UEIR                                      (abs)                     00F63
_UEP0                                      (abs)                     00F26
_UEP0bits                                  (abs)                     00F26
_UEP1                                      (abs)                     00F27
_UIE                                       (abs)                     00F36
_UIEbits                                   (abs)                     00F36
_UIR                                       (abs)                     00F62
_UIRbits                                   (abs)                     00F62
_USB1msTickCount                           bssBANK1                  00170
_USBActiveConfiguration                    bssBANK0                  000FD
_USBAlternateInterface                     bssBANK1                  001F8
_USBBusIsSuspended                         bssBANK0                  000DE
_USBCheckCDCRequest                        text130                   0A4DC
_USBCheckStdRequest                        text122                   09FC0
_USBConfigureEndpoint                      text135                   0B54E
_USBCtrlEPAllowDataStage                   text121                   0B1DC
_USBCtrlEPAllowStatusStage                 text138                   0A6C4
_USBCtrlEPService                          text117                   0AF02
_USBCtrlEPServiceComplete                  text120                   08F16
_USBCtrlTrfInHandler                       text139                   09C94
_USBCtrlTrfOutHandler                      text136                   0C1A4
_USBCtrlTrfRxService                       text137                   09066
_USBCtrlTrfSetupHandler                    text119                   0BA5A
_USBCtrlTrfTxService                       text140                   09B7C
_USBDeferINDataStagePackets                bssBANK0                  000D7
_USBDeferOUTDataStagePackets               bssBANK0                  000D6
_USBDeferStatusStagePacket                 bssBANK0                  000DA
_USBDeviceInit                             text116                   08C64
_USBDeviceState                            bssBANK0                  000E2
_USBDeviceTasks                            text111                   06E92
_USBDisableWithLongDelay                   text69                    0D5F6
_USBEnableEndpoint                         text134                   0CCE8
_USBIncrement1msInternalTimers             text115                   0D03E
_USBStallHandler                           text114                   0C7D6
_USBStatusStageEnabledFlag1                bssBANK0                  000D9
_USBStatusStageEnabledFlag2                bssBANK0                  000D8
_USBStatusStageTimeoutCounter              bssBANK0                  000DB
_USBStdFeatureReqHandler                   text127                   062C8
_USBStdGetDscHandler                       text126                   09300
_USBStdGetStatusHandler                    text125                   09DA6
_USBStdSetCfgHandler                       text123                   0A8A2
_USBSuspend                                text113                   0D1B4
_USBTicksSinceSuspendEnd                   bssBANK1                  0018F
_USBTransferOnePacket                      text133                   096D4
_USBWakeFromSuspend                        text112                   0CE56
_USB_CD_Ptr                                mediumconst               020F9
_USB_SD_Ptr                                mediumconst               020F3
_USER_USB_CALLBACK_EVENT_HANDLER           text128                   0B7EE
_USTAT                                     (abs)                     00F64
_USTATcopy                                 bssBANK0                  000FC
_WDTCONbits                                (abs)                     00FC0
_WDT_initialize                            text110                   0D670
__HRAM                                     (abs)                     00000
__H_FlashSignatureWord_const               _FlashSignatureWord_const 02008
__Habs1                                    abs1                      00000
__Hbank0                                   bank0                     00000
__Hbank1                                   bank1                     00000
__Hbank10                                  bank10                    00000
__Hbank11                                  bank11                    00000
__Hbank12                                  bank12                    00000
__Hbank13                                  bank13                    00000
__Hbank14                                  bank14                    00000
__Hbank2                                   bank2                     00000
__Hbank3                                   bank3                     00000
__Hbank4                                   bank4                     00000
__Hbank5                                   bank5                     00000
__Hbank6                                   bank6                     00000
__Hbank7                                   bank7                     00000
__Hbank8                                   bank8                     00000
__Hbank9                                   bank9                     00000
__Hbigbss                                  bigbss                    00000
__Hbigdata                                 bigdata                   00000
__Hbigram                                  bigram                    00000
__Hbss                                     bss                       00000
__HbssBANK0                                bssBANK0                  00000
__HbssBANK1                                bssBANK1                  00000
__HbssBANK2                                bssBANK2                  00000
__HbssBANK3                                bssBANK3                  00000
__HbssBANK4                                bssBANK4                  00000
__HbssBANK5                                bssBANK5                  00000
__Hcinit                                   cinit                     00000
__Hclrtext                                 clrtext                   00000
__Hcomram                                  comram                    00000
__Hconfig                                  config                    10000
__Hconst                                   const                     00000
__HcstackBANK0                             cstackBANK0               00000
__HcstackCOMRAM                            cstackCOMRAM              00000
__Hdata                                    data                      00000
__HdataBANK4                               dataBANK4                 00000
__HdataBANK6                               dataBANK6                 00000
__Hfarbss                                  farbss                    00000
__Hfardata                                 fardata                   00000
__Hibigdata                                ibigdata                  00000
__Hidata                                   idata                     00000
__HidataBANK4                              idataBANK4                00000
__HidataBANK6                              idataBANK6                00000
__Hidloc                                   idloc                     00000
__Hifardata                                ifardata                  00000
__Hinit                                    init                      0208A
__Hintcode                                 intcode                   02086
__Hintcode_body                            intcode_body              00000
__Hintcodelo                               intcodelo                 02086
__Hintentry                                intentry                  00000
__Hintret                                  intret                    00000
__Hintsave_regs                            intsave_regs              00000
__Hirdata                                  irdata                    00000
__Hjflash_buffer                           jflash_buffer             0F800
__Hmediumconst                             mediumconst               023B6
__HnvFARRAM                                nvFARRAM                  00000
__Hnvbit                                   nvbit                     00000
__Hnvrram                                  nvrram                    00000
__Hparam                                   rparam                    00000
__Hpowerup                                 powerup                   02086
__Hram                                     ram                       00000
__Hramtop                                  ramtop                    00F00
__Hrbit                                    rbit                      00000
__Hrbss                                    rbss                      00000
__Hrdata                                   rdata                     00000
__Hreset_vec                               reset_vec                 02004
__Hrparam                                  rparam                    00000
__Hsfr                                     sfr                       00000
__Hsmallconst                              smallconst                00000
__Hspace_0                                 (abs)                     0F800
__Hspace_1                                 (abs)                     0063C
__Hspace_2                                 (abs)                     00000
__Hspace_4                                 (abs)                     1FFF8
__Hstack                                   stack                     00000
__Hstruct                                  struct                    00000
__Htemp                                    temp                      00060
__Htext                                    text                      00000
__Htext0                                   text0                     00000
__Htext1                                   text1                     00000
__Htext10                                  text10                    00000
__Htext100                                 text100                   00000
__Htext101                                 text101                   00000
__Htext102                                 text102                   00000
__Htext103                                 text103                   00000
__Htext104                                 text104                   00000
__Htext105                                 text105                   00000
__Htext106                                 text106                   00000
__Htext107                                 text107                   00000
__Htext108                                 text108                   00000
__Htext109                                 text109                   00000
__Htext11                                  text11                    00000
__Htext110                                 text110                   00000
__Htext111                                 text111                   00000
__Htext112                                 text112                   00000
__Htext113                                 text113                   00000
__Htext114                                 text114                   00000
__Htext115                                 text115                   00000
__Htext116                                 text116                   00000
__Htext117                                 text117                   00000
__Htext118                                 text118                   00000
__Htext119                                 text119                   00000
__Htext12                                  text12                    00000
__Htext120                                 text120                   00000
__Htext121                                 text121                   00000
__Htext122                                 text122                   00000
__Htext123                                 text123                   00000
__Htext124                                 text124                   00000
__Htext125                                 text125                   00000
__Htext126                                 text126                   00000
__Htext127                                 text127                   00000
__Htext128                                 text128                   00000
__Htext129                                 text129                   00000
__Htext13                                  text13                    00000
__Htext130                                 text130                   00000
__Htext131                                 text131                   00000
__Htext132                                 text132                   00000
__Htext133                                 text133                   00000
__Htext134                                 text134                   00000
__Htext135                                 text135                   00000
__Htext136                                 text136                   00000
__Htext137                                 text137                   00000
__Htext138                                 text138                   00000
__Htext139                                 text139                   00000
__Htext14                                  text14                    00000
__Htext140                                 text140                   00000
__Htext141                                 text141                   00000
__Htext142                                 text142                   00000
__Htext143                                 text143                   00000
__Htext144                                 text144                   00000
__Htext145                                 text145                   00000
__Htext146                                 text146                   00000
__Htext147                                 text147                   00000
__Htext148                                 text148                   00000
__Htext149                                 text149                   00000
__Htext15                                  text15                    00000
__Htext150                                 text150                   00000
__Htext151                                 text151                   00000
__Htext152                                 text152                   00000
__Htext153                                 text153                   00000
__Htext154                                 text154                   00000
__Htext155                                 text155                   00000
__Htext156                                 text156                   00000
__Htext157                                 text157                   00000
__Htext158                                 text158                   00000
__Htext159                                 text159                   00000
__Htext16                                  text16                    00000
__Htext160                                 text160                   00000
__Htext161                                 text161                   00000
__Htext162                                 text162                   00000
__Htext163                                 text163                   00000
__Htext164                                 text164                   00000
__Htext165                                 text165                   00000
__Htext166                                 text166                   00000
__Htext167                                 text167                   00000
__Htext168                                 text168                   00000
__Htext169                                 text169                   00000
__Htext17                                  text17                    00000
__Htext170                                 text170                   00000
__Htext171                                 text171                   00000
__Htext172                                 text172                   00000
__Htext173                                 text173                   00000
__Htext174                                 text174                   00000
__Htext175                                 text175                   00000
__Htext176                                 text176                   00000
__Htext177                                 text177                   00000
__Htext178                                 text178                   00000
__Htext179                                 text179                   00000
__Htext18                                  text18                    00000
__Htext19                                  text19                    00000
__Htext2                                   text2                     00000
__Htext20                                  text20                    00000
__Htext21                                  text21                    00000
__Htext22                                  text22                    00000
__Htext23                                  text23                    00000
__Htext24                                  text24                    00000
__Htext25                                  text25                    00000
__Htext26                                  text26                    00000
__Htext27                                  text27                    00000
__Htext28                                  text28                    00000
__Htext29                                  text29                    00000
__Htext3                                   text3                     00000
__Htext30                                  text30                    00000
__Htext31                                  text31                    00000
__Htext32                                  text32                    00000
__Htext33                                  text33                    00000
__Htext34                                  text34                    00000
__Htext35                                  text35                    00000
__Htext36                                  text36                    00000
__Htext37                                  text37                    00000
__Htext38                                  text38                    00000
__Htext39                                  text39                    00000
__Htext4                                   text4                     00000
__Htext40                                  text40                    00000
__Htext41                                  text41                    00000
__Htext42                                  text42                    00000
__Htext43                                  text43                    00000
__Htext44                                  text44                    00000
__Htext45                                  text45                    00000
__Htext46                                  text46                    00000
__Htext47                                  text47                    00000
__Htext48                                  text48                    00000
__Htext49                                  text49                    00000
__Htext5                                   text5                     00000
__Htext50                                  text50                    00000
__Htext51                                  text51                    00000
__Htext52                                  text52                    00000
__Htext53                                  text53                    00000
__Htext54                                  text54                    00000
__Htext55                                  text55                    00000
__Htext56                                  text56                    00000
__Htext57                                  text57                    00000
__Htext58                                  text58                    00000
__Htext59                                  text59                    00000
__Htext6                                   text6                     00000
__Htext60                                  text60                    00000
__Htext61                                  text61                    00000
__Htext62                                  text62                    00000
__Htext63                                  text63                    00000
__Htext64                                  text64                    00000
__Htext65                                  text65                    00000
__Htext66                                  text66                    00000
__Htext67                                  text67                    00000
__Htext68                                  text68                    00000
__Htext69                                  text69                    00000
__Htext7                                   text7                     00000
__Htext70                                  text70                    00000
__Htext71                                  text71                    00000
__Htext72                                  text72                    00000
__Htext73                                  text73                    00000
__Htext74                                  text74                    00000
__Htext75                                  text75                    00000
__Htext76                                  text76                    00000
__Htext77                                  text77                    00000
__Htext78                                  text78                    00000
__Htext79                                  text79                    00000
__Htext8                                   text8                     00000
__Htext80                                  text80                    00000
__Htext81                                  text81                    00000
__Htext82                                  text82                    00000
__Htext83                                  text83                    00000
__Htext84                                  text84                    00000
__Htext85                                  text85                    00000
__Htext86                                  text86                    00000
__Htext87                                  text87                    00000
__Htext88                                  text88                    00000
__Htext89                                  text89                    00000
__Htext9                                   text9                     00000
__Htext90                                  text90                    00000
__Htext91                                  text91                    00000
__Htext92                                  text92                    00000
__Htext93                                  text93                    00000
__Htext94                                  text94                    00000
__Htext95                                  text95                    00000
__Htext96                                  text96                    00000
__Htext97                                  text97                    00000
__Htext98                                  text98                    00000
__Htext99                                  text99                    00000
__LRAM                                     (abs)                     00001
__L_FlashSignatureWord_const               _FlashSignatureWord_const 02006
__Labs1                                    abs1                      00000
__Lbank0                                   bank0                     00000
__Lbank1                                   bank1                     00000
__Lbank10                                  bank10                    00000
__Lbank11                                  bank11                    00000
__Lbank12                                  bank12                    00000
__Lbank13                                  bank13                    00000
__Lbank14                                  bank14                    00000
__Lbank2                                   bank2                     00000
__Lbank3                                   bank3                     00000
__Lbank4                                   bank4                     00000
__Lbank5                                   bank5                     00000
__Lbank6                                   bank6                     00000
__Lbank7                                   bank7                     00000
__Lbank8                                   bank8                     00000
__Lbank9                                   bank9                     00000
__Lbigbss                                  bigbss                    00000
__Lbigdata                                 bigdata                   00000
__Lbigram                                  bigram                    00000
__Lbss                                     bss                       00000
__LbssBANK0                                bssBANK0                  00000
__LbssBANK1                                bssBANK1                  00000
__LbssBANK2                                bssBANK2                  00000
__LbssBANK3                                bssBANK3                  00000
__LbssBANK4                                bssBANK4                  00000
[...]
sht3x_measure_read@raw_temp                cstackBANK0               0007D
sht3x_measure_read@temp                    cstackBANK0               00079
sht3x_measure_start@cmd                    cstackCOMRAM              0000C
sort_uV_slope@Max                          cstackCOMRAM              00019
sort_uV_slope@Mid                          cstackCOMRAM              00025
sort_uV_slope@Min                          cstackCOMRAM              00021
sort_uV_slope@Temp                         cstackCOMRAM              0001D
sort_uV_slope@max                          cstackCOMRAM              00011
sort_uV_slope@min                          cstackCOMRAM              0000D
sort_uV_slope@uV_slope                     cstackCOMRAM              00015
split_param@ch                             cstackCOMRAM              0000E
split_param@cnt                            cstackCOMRAM              00010
split_param@i                              cstackCOMRAM              0000F
split_param@len                            cstackCOMRAM              0000D
split_param@m                              cstackCOMRAM              00009
split_param@n                              cstackCOMRAM              0000A
split_param@params                         cstackCOMRAM              00007
split_param@src                            cstackCOMRAM              00005
sprintf@ap                                 cstackBANK0               0007D
sprintf@c                                  cstackBANK0               00093
sprintf@ccnt                               cstackBANK0               0007F
sprintf@eexp                               cstackBANK0               00087
sprintf@f                                  cstackBANK0               0006F
sprintf@flag                               cstackBANK0               00081
sprintf@fval                               cstackBANK0               0008F
sprintf@prec                               cstackBANK0               0008D
sprintf@sp                                 cstackBANK0               0006D
sprintf@tmpval                             cstackBANK0               00089
sprintf@val                                cstackBANK0               00083
stackhi                                    (abs)                     00EBF
stacklo                                    (abs)                     0063C
start                                      init                      02086
start_initialization                       cinit                     0B88E
trunc@expon                                cstackCOMRAM              0002F
trunc@i                                    cstackCOMRAM              0002B
trunc@x                                    cstackCOMRAM              00027
ttemp5                                     temp                      00060
ttemp6                                     temp                      00063
ttemp7                                     temp                      00067
update_command@apply                       cstackBANK0               000A3
update_command@chno                        cstackBANK0               0009E
update_command@i                           cstackBANK0               000A1
update_command@status                      cstackBANK0               0009C
window_moving_average_recursion@avg        bssBANK1                  0014C
write_command@buff                         cstackCOMRAM              00008
wtemp8                                     temp                      00060
years_to_days@ret                          cstackCOMRAM              00014
years_to_days@yr                           cstackCOMRAM              0000E
ymd_to_scalar@day                          cstackCOMRAM              0001C
ymd_to_scalar@mo                           cstackCOMRAM              0001A
ymd_to_scalar@scalar                       cstackCOMRAM              00024
ymd_to_scalar@yr                           cstackCOMRAM              00018


MODULE INFORMATION

Module		Function		Class		Link	Load	Size
nvm.c
		_nvm_serialno_check		CODE           	CA08	0000	88
		_nvm_read_flash_all		CODE           	D3AE	0000	38
		_nvm_clear     		CODE           	D664	0000	6
		_nvm_clear_all 		CODE           	D306	0000	44
		_nvm_write_flash_all		CODE           	CD7E	0000	74
		_nvm_init      		CODE           	AD82	0000	194
		_nvm_clear_flash		CODE           	A0CA	0000	264

nvm.c estimated size: 708

util/_ftoa.c
		__ftoa         		CODE           	CC4C	0000	78

util/_ftoa.c estimated size: 78

sensor.c
		_compensate_temperature		CODE           	D442	0000	34
		_sensor_sht3x_init		CODE           	C6AC	0000	100
		_gasSensor_lowfilter		CODE           	662A	0000	752
		_gasSensor_calib		CODE           	7DF2	0000	456
		_sensor_ADC_read		CODE           	D386	0000	40
		_sensor_adc_init		CODE           	D624	0000	16
		_sensor_lmp_init		CODE           	B342	0000	176
		_sensor_temp_fahrenheit		CODE           	C3D6	0000	106
		_ADCto_uVoltage		CODE           	C0B8	0000	118
		_FSR_set_LSB   		CODE           	AA68	0000	206
		_sensor_read_temp_humi		CODE           	D60E	0000	22
		_sensor_init   		CODE           	CBB0	0000	78

sensor.c estimated size: 2104

bsp/lmp91000.c
		_lmp91000_get_status		CODE           	C57A	0000	102
		_lmp91000_set_GainRLoad		CODE           	D0AE	0000	54
		_lmp91000_lock 		CODE           	D506	0000	32
		_lmp91000_set_Mode		CODE           	D24A	0000	48
		_lmp91000_set_Reference		CODE           	CEDC	0000	66
		_lmp91000_isReady		CODE           	D35E	0000	40
		_lmp91000_unlock		CODE           	D4E6	0000	32

bsp/lmp91000.c estimated size: 374

bsp/leds.c
		_LED_Off       		CODE           	D66A	0000	6
		_LED_On        		CODE           	D1E6	0000	50
		_LED_Enable    		CODE           	D218	0000	50

bsp/leds.c estimated size: 106

util/_atof.c
		__atof         		CODE           	738E	0000	612

util/_atof.c estimated size: 612

util/buffer.c
		_buffer_de_queue		CODE           	BEC8	0000	128
		_buffer_en_queue		CODE           	CC9A	0000	78
		_buffer_init   		CODE           	D2D8	0000	46

util/buffer.c estimated size: 252

C:\Program Files\Microchip\xc8\v2.32\pic\sources\c90\common\isdigit.c
		_isdigit       		CODE           	D182	0000	50

C:\Program Files\Microchip\xc8\v2.32\pic\sources\c90\common\isdigit.c estimated size: 50

C:\Program Files\Microchip\xc8\v2.32\pic\sources\c90\common\sprcadd.c
		___flsub       		CODE           	CE10	0000	70
		___fladd       		CODE           	5226	0000	1216

C:\Program Files\Microchip\xc8\v2.32\pic\sources\c90\common\sprcadd.c estimated size: 1286

usb_descriptors.c
		_get_product_desc		CODE           	D65A	0000	10

usb_descriptors.c estimated size: 10

C:\Program Files\Microchip\xc8\v2.32\pic\sources\c90\common\flge.c
		___flge        		CODE           	A2D8	0000	260

C:\Program Files\Microchip\xc8\v2.32\pic\sources\c90\common\flge.c estimated size: 260

C:\Program Files\Microchip\xc8\v2.32\pic\sources\c90\common\mktime.c
		_mktime        		CODE           	75F2	0000	556
		_isleap        		CODE           	BFC6	0000	122
		_months_to_days		CODE           	D0E4	0000	54
		_ymd_to_scalar 		CODE           	AE44	0000	190
		_years_to_days 		CODE           	B6A4	0000	166

C:\Program Files\Microchip\xc8\v2.32\pic\sources\c90\common\mktime.c estimated size: 1088

C:\Program Files\Microchip\xc8\v2.32\pic\sources\c90\common\Umul32.c
		___lmul        		CODE           	C440	0000	106

C:\Program Files\Microchip\xc8\v2.32\pic\sources\c90\common\Umul32.c estimated size: 106

C:\Program Files\Microchip\xc8\v2.32\pic\sources\c90\common\fldivl.c
		__div_to_l_    		CODE           	91B4	0000	332

C:\Program Files\Microchip\xc8\v2.32\pic\sources\c90\common\fldivl.c estimated size: 332

C:\Program Files\Microchip\xc8\v2.32\pic\sources\c90\common\flneg.c
		___flneg       		CODE           	D006	0000	56

C:\Program Files\Microchip\xc8\v2.32\pic\sources\c90\common\flneg.c estimated size: 56

C:\Program Files\Microchip\xc8\v2.32\pic\sources\c90\common\xxtofl.c
		___xxtofl      		CODE           	8182	0000	436

C:\Program Files\Microchip\xc8\v2.32\pic\sources\c90\common\xxtofl.c estimated size: 436

app_sens_measure.c
		_sensMeasure_init		CODE           	ACBE	0000	196
		_sensMeasure_gas_read		CODE           	8AF6	0000	366
		_sensMeasure_temp_read		CODE           	B9C4	0000	150
		_sensMeasure_task		CODE           	711A	0000	628

app_sens_measure.c estimated size: 1340

filter.c
		_Kalman_updateEstimate		CODE           	691A	0000	722
		_Kalman_setProcessNoise		CODE           	D584	0000	30
		_Kalman_setEstimateError		CODE           	D5A2	0000	30
		_Kalman_setMeasurementError		CODE           	D5DC	0000	26
		_Set_KamanFilter_Sensitivity		CODE           	781E	0000	514

filter.c estimated size: 1322

app_linear_regression.c
		_Linear_regression_init		CODE           	9590	0000	324
		_Linear_regression		CODE           	39CA	0000	1952

app_linear_regression.c estimated size: 2276

C:\Program Files\Microchip\xc8\v2.32\pic\sources\c90\common\fabs.c
		_fabs          		CODE           	CDC8	0000	72

C:\Program Files\Microchip\xc8\v2.32\pic\sources\c90\common\fabs.c estimated size: 72

bsp/sht3x.c
		_sht3x_measure_nonblock_read		CODE           	C89A	0000	96
		_sht3x_heaterOff		CODE           	D4A6	0000	32
		_check_crc8    		CODE           	D2AA	0000	46
		_sht3x_common_read		CODE           	A3DC	0000	256
		_sht3x_measure_read		CODE           	8686	0000	392
		_crc8          		CODE           	C4AA	0000	104
		_sht3x_measure_start		CODE           	D486	0000	32
		_sht3x_clear_status_reg		CODE           	D4C6	0000	32

bsp/sht3x.c estimated size: 990

C:\Program Files\Microchip\xc8\v2.32\pic\sources\c90\common\memset.c
		_memset        		CODE           	D076	0000	56

C:\Program Files\Microchip\xc8\v2.32\pic\sources\c90\common\memset.c estimated size: 56

C:\Program Files\Microchip\xc8\v2.32\pic\sources\c90\common\frexp.c
		_frexp         		CODE           	AB36	0000	196

C:\Program Files\Microchip\xc8\v2.32\pic\sources\c90\common\frexp.c estimated size: 196

util/_atoi.c
		__atoi         		CODE           	944C	0000	324

util/_atoi.c estimated size: 324

C:\Program Files\Microchip\xc8\v2.32\pic\sources\c90\common\lwmod.c
		___lwmod       		CODE           	C710	0000	100

C:\Program Files\Microchip\xc8\v2.32\pic\sources\c90\common\lwmod.c estimated size: 100

C:\Program Files\Microchip\xc8\v2.32\pic\sources\c90\common\awmod.c
		___awmod       		CODE           	B3F2	0000	176

C:\Program Files\Microchip\xc8\v2.32\pic\sources\c90\common\awmod.c estimated size: 176

bsp/flash.c
		_flash_readBytes		CODE           	C646	0000	102
		_flash_writeBytes		CODE           	9812	0000	300
		_flash_clear   		CODE           	BB7C	0000	144

bsp/flash.c estimated size: 546

util/build_time.c
		_build_time    		CODE           	416A	0000	1674

util/build_time.c estimated size: 1674

C:\Program Files\Microchip\xc8\v2.32\pic\sources\c90\common\llmod.c
		___llmod       		CODE           	BE40	0000	136

C:\Program Files\Microchip\xc8\v2.32\pic\sources\c90\common\llmod.c estimated size: 136

usb/usb_device.c
		_USBCtrlTrfInHandler		CODE           	9C94	0000	274
		_USBTransferOnePacket		CODE           	96D4	0000	318
		_USBStdGetDscHandler		CODE           	9300	0000	332
		_USBCtrlEPAllowDataStage		CODE           	B1DC	0000	180
		_USBStdFeatureReqHandler		CODE           	62C8	0000	866
		_USBCtrlEPAllowStatusStage		CODE           	A6C4	0000	242
		_USBCtrlTrfSetupHandler		CODE           	BA5A	0000	146
		_USBCtrlTrfOutHandler		CODE           	C1A4	0000	118
		_USBCtrlEPServiceComplete		CODE           	8F16	0000	336
		_USBSuspend    		CODE           	D1B4	0000	50
		_USBStdSetCfgHandler		CODE           	A8A2	0000	236
		_USBStdGetStatusHandler		CODE           	9DA6	0000	270
		_USBWakeFromSuspend		CODE           	CE56	0000	68
		_USBCtrlTrfRxService		CODE           	9066	0000	334
		_USBCtrlTrfTxService		CODE           	9B7C	0000	280
		_USBEnableEndpoint		CODE           	CCE8	0000	76
		_USBConfigureEndpoint		CODE           	B54E	0000	172
		_USBDeviceInit 		CODE           	8C64	0000	348
		_USBIncrement1msInternalTimers		CODE           	D03E	0000	56
		_USBCtrlEPService		CODE           	AF02	0000	186
		_USBStallHandler		CODE           	C7D6	0000	98
		_USBDeviceTasks		CODE           	6E92	0000	648
		_USBCheckStdRequest		CODE           	9FC0	0000	266

usb/usb_device.c estimated size: 5900

C:\Program Files\Microchip\xc8\v2.32\pic\sources\c90\common\almod.c
		___almod       		CODE           	A7B6	0000	236

C:\Program Files\Microchip\xc8\v2.32\pic\sources\c90\common\almod.c estimated size: 236

usb/usb_device_cdc.c
		_CDCTxService  		CODE           	7FBA	0000	456
		_CDCInitEP     		CODE           	C512	0000	104
		_putUSBUSART   		CODE           	D332	0000	44
		_getsUSBUSART  		CODE           	AFBC	0000	184
		_USBCheckCDCRequest		CODE           	A4DC	0000	246

usb/usb_device_cdc.c estimated size: 1034

bsp/i2c.c
		_I2C_Write     		CODE           	CF5A	0000	58
		_I2C_Stop      		CODE           	D3FA	0000	36
		_I2C_Read      		CODE           	CAB8	0000	86
		_i2c_writeData 		CODE           	C28E	0000	112
		_i2c_init      		CODE           	CF94	0000	58
		_I2C_Start     		CODE           	D41E	0000	36
		_i2c_writeBytes		CODE           	CB0E	0000	82
		_i2c_readBytes 		CODE           	B4A2	0000	172
		_i2c_writeBytes_to		CODE           	C8FA	0000	94

bsp/i2c.c estimated size: 734

shared
		_configDescriptor1		MEDIUMCONST    	228E	0000	67
		_USB_CD_Ptr    		MEDIUMCONST    	20F9	0000	2
		_sd001         		MEDIUMCONST    	22D1	0000	52
		__powers_      		MEDIUMCONST    	208B	0000	52
		_dpowers       		MEDIUMCONST    	2305	0000	40
		_FlashSignatureWord		CODE           	2006	0000	2
		__npowers_     		MEDIUMCONST    	20BF	0000	52
		__initialization		CODE           	B88E	0000	144
		_device_dsc    		MEDIUMCONST    	2351	0000	18
		_atcommand_type		MEDIUMCONST    	20FB	0000	403
		_USB_SD_Ptr    		MEDIUMCONST    	20F3	0000	6
		log@coeff      		MEDIUMCONST    	0000	0000	0
		_sd000         		MEDIUMCONST    	2363	0000	4

shared estimated size: 842

C:\Program Files\Microchip\xc8\v2.32\pic\sources\c90\common\fleq.c
		___fleq        		CODE           	B5FA	0000	170

C:\Program Files\Microchip\xc8\v2.32\pic\sources\c90\common\fleq.c estimated size: 170

app_led_task.c
		_led_init      		CODE           	CA60	0000	88
		_led_fail      		CODE           	C9B0	0000	88
		_led_warmup    		CODE           	C12E	0000	118
		_led_task      		CODE           	7C1A	0000	472
		_led_zerocal_end		CODE           	C958	0000	88

app_led_task.c estimated size: 854

bsp/ads1114.c
		_ads1114_read_ready		CODE           	C2FE	0000	108
		_ads1114_read  		CODE           	BF48	0000	126
		_ads1114_SetUp 		CODE           	CFCE	0000	56

bsp/ads1114.c estimated size: 290

app_sens_autoCalibration.c
		_auto_calib_clear		CODE           	CE9A	0000	66
		_sort_uV_slope 		CODE           	880E	0000	376
		_auto_calib_apply		CODE           	BC9A	0000	142
		_sens_autoCalib_task		CODE           	8336	0000	426
		_sens_autoCalib_slp_set_task		CODE           	84E0	0000	422
		_sens_autoCalib_init		CODE           	BDB4	0000	140

app_sens_autoCalibration.c estimated size: 1572

C:\Program Files\Microchip\xc8\v2.32\pic\sources\c90\common\sprcmul.c
		___flmul       		CODE           	56E6	0000	1066

C:\Program Files\Microchip\xc8\v2.32\pic\sources\c90\common\sprcmul.c estimated size: 1066

util/_string.c
		__strcpy       		CODE           	BAEC	0000	144
		__strlen       		CODE           	CBFE	0000	78
		__isdigit      		CODE           	CD34	0000	74
		__strclr       		CODE           	C838	0000	98

util/_string.c estimated size: 394

app_atcommand.c
		_build_response		CODE           	23B6	0000	3292
		_split_param   		CODE           	993E	0000	294
		_param_copy    		CODE           	BD28	0000	140
		_check_param   		CODE           	C774	0000	98
		_parse_command 		CODE           	4D12	0000	1300
		_write_command 		CODE           	D27A	0000	48
		_check_atcommand		CODE           	B128	0000	180
		_atcommand_compare		CODE           	9A64	0000	280
		_atcommand_task		CODE           	7A20	0000	506
		_clear_command 		CODE           	C36A	0000	108
		_atcommand_init		CODE           	D64E	0000	12
		_update_command		CODE           	47F4	0000	1310

app_atcommand.c estimated size: 7568

C:\Program Files\Microchip\xc8\v2.32\pic\sources\c90\common\sprcdiv.c
		___fldiv       		CODE           	5F2C	0000	924

C:\Program Files\Microchip\xc8\v2.32\pic\sources\c90\common\sprcdiv.c estimated size: 924

C:\Program Files\Microchip\xc8\v2.32\pic\sources\c90\common\fmod.c
		_fmod          		CODE           	B290	0000	178

C:\Program Files\Microchip\xc8\v2.32\pic\sources\c90\common\fmod.c estimated size: 178

C:\Program Files\Microchip\xc8\v2.32\pic\sources\c90\common\doprnt.c
		_scale         		CODE           	5B10	0000	1052
		_sprintf       		CODE           	3092	0000	2360
		_fround        		CODE           	6BEC	0000	678

C:\Program Files\Microchip\xc8\v2.32\pic\sources\c90\common\doprnt.c estimated size: 4090

usb_events.c
		_USER_USB_CALLBACK_EVENT_HANDLER		CODE           	B7EE	0000	160

usb_events.c estimated size: 160

C:\Program Files\Microchip\xc8\v2.32\pic\sources\c90\common\memcpy.c
		_memcpy        		CODE           	CB60	0000	80

C:\Program Files\Microchip\xc8\v2.32\pic\sources\c90\common\memcpy.c estimated size: 80

C:\Program Files\Microchip\xc8\v2.32\pic\sources\c90\common\ftdivl.c
		__tdiv_to_l_   		CODE           	8DC0	0000	342

C:\Program Files\Microchip\xc8\v2.32\pic\sources\c90\common\ftdivl.c estimated size: 342

util/_itoa.c
		__itoa         		CODE           	8986	0000	368

util/_itoa.c estimated size: 368

app_usb_cdc.c
		_app_usb_task  		CODE           	B92C	0000	152
		_app_usb_init  		CODE           	D546	0000	32

app_usb_cdc.c estimated size: 184

C:\Program Files\Microchip\xc8\v2.32\pic\sources\c90\common\lwdiv.c
		___lwdiv       		CODE           	C21A	0000	116

C:\Program Files\Microchip\xc8\v2.32\pic\sources\c90\common\lwdiv.c estimated size: 116

C:\Program Files\Microchip\xc8\v2.32\pic\sources\c90\common\awdiv.c
		___awdiv       		CODE           	ABFA	0000	196

C:\Program Files\Microchip\xc8\v2.32\pic\sources\c90\common\awdiv.c estimated size: 196

C:\Program Files\Microchip\xc8\v2.32\pic\sources\c90\common\Umul16.c
		___wmul        		CODE           	D3D4	0000	38

C:\Program Files\Microchip\xc8\v2.32\pic\sources\c90\common\Umul16.c estimated size: 38

main.c
		_changeUsbState_task		CODE           	D464	0000	34
		_InitTimer     		CODE           	D566	0000	30
		_main          		CODE           	BC0C	0000	142
		_Board_initialize		CODE           	C5E0	0000	102
		_WDT_initialize		CODE           	D670	0000	4
		_usedtime_task 		CODE           	A5D2	0000	242

main.c estimated size: 554

C:\Program Files\Microchip\xc8\v2.32\pic\sources\c90\common\fltol.c
		___fltol       		CODE           	A1D2	0000	262

C:\Program Files\Microchip\xc8\v2.32\pic\sources\c90\common\fltol.c estimated size: 262

app_sens_calibration.c
		_sens_ZeroCalib_task		CODE           	A98E	0000	218
		_sens_ZeroCalib_init		CODE           	D5C0	0000	28
		_sens_ZeroCalibration		CODE           	D14E	0000	52

app_sens_calibration.c estimated size: 298

system.c
		_SYS_InterruptHigh		CODE           	2008	0000	126
		_USBDisableWithLongDelay		CODE           	D5F6	0000	24
		_DelayRoutine  		CODE           	D526	0000	32
		_ResetDeviceCleanly		CODE           	D642	0000	12
		_SYSTEM_Initialize		CODE           	C040	0000	120
		_ResetBootloaderCleanly		CODE           	D634	0000	14

system.c estimated size: 328

C:\Program Files\Microchip\xc8\v2.32\pic\sources\c90\common\trunc.c
		_trunc         		CODE           	B074	0000	180

C:\Program Files\Microchip\xc8\v2.32\pic\sources\c90\common\trunc.c estimated size: 180

C:\Program Files\Microchip\xc8\v2.32\pic\sources\c90\common\aldiv.c
		___aldiv       		CODE           	9EB4	0000	268

C:\Program Files\Microchip\xc8\v2.32\pic\sources\c90\common\aldiv.c estimated size: 268

C:\Program Files\Microchip\xc8\v2.32\pic\sources\c90\common\__lldiv.c
		___lldiv       		CODE           	B74A	0000	164

C:\Program Files\Microchip\xc8\v2.32\pic\sources\c90\common\__lldiv.c estimated size: 164

