Microchip MPLAB XC8 Compiler V2.32

Linker command line:

-W-3 --edf=C:\Program Files\Microchip\xc8\v2.32\pic\dat\en_msgs.txt -cn \
  -h+dist/default/production\rn400t2-gs.X.production.sym \
  --cmf=dist/default/production\rn400t2-gs.X.production.cmf -z -Q18F26J50 \
  -oC:\Users\dekist\AppData\Local\Temp\xcAsnjs.4 --defsym=__MPLAB_BUILD=1 \
  -Mdist/default/production/rn400t2-gs.X.production.map -E1 \
  -ver=XC8 Compiler --acfsm=1493 -ASTACK=073Ch-0EBFh -pstack=STACK \
  -p_FlashSignatureWord_const=2006h -ACODE=00h-0FFF7h -ACONST=00h-0FFF7h \
  -ASMALLCONST=0F00h-0FFFhx240,0FF00h-0FFF7h -AMEDIUMCONST=0F00h-0FFF7h \
  -ACOMRAM=01h-05Fh -AABS1=00h-0EBFh -ABIGRAM=01h-0EBFh \
  -ARAM=060h-0FFh,0100h-01FFhx13,0E00h-0EBFh -ABANK0=060h-0FFh \
  -ABANK1=0100h-01FFh -ABANK2=0200h-02FFh -ABANK3=0300h-03FFh \
  -ABANK4=0400h-04FFh -ABANK5=0500h-05FFh -ABANK6=0600h-06FFh \
  -ABANK7=0700h-07FFh -ABANK8=0800h-08FFh -ABANK9=0900h-09FFh \
  -ABANK10=0A00h-0AFFh -ABANK11=0B00h-0BFFh -ABANK12=0C00h-0CFFh \
  -ABANK13=0D00h-0DFFh -ABANK14=0E00h-0EBFh \
  -ASFR=0EC0h-0EFFh,0F00h-0F5Fh,0F60h-0FFFh -ACONFIG=0FFF8h-0FFFFh \
  -preset_vec=00h,intcode=08h,intcodelo=018h,powerup,init -pramtop=0F00h \
  -psmallconst=SMALLCONST -pmediumconst=MEDIUMCONST -pconst=CONST \
  -AFARRAM=00h-00h -pjflash_buffer=0F800h \
  -prdata=COMRAM,nvrram=COMRAM,nvbit=COMRAM,rbss=COMRAM,rbit=COMRAM \
  -pfarbss=FARRAM,fardata=FARRAM,nvFARRAM=FARRAM \
  -pintsave_regs=BIGRAM,bigbss=BIGRAM,bigdata=BIGRAM -pbss=RAM \
  -pidata=CODE,irdata=CODE,ibigdata=CODE,ifardata=CODE -prparam=COMRAM \
  C:\Users\dekist\AppData\Local\Temp\xcAsnjs.o \
  dist/default/production\rn400t2-gs.X.production.o 

Object code version is 3.11

Machine type is 18F26J50



                Name                               Link     Load   Length Selector   Space Scale
C:\Users\dekist\AppData\Local\Temp\xcAsnjs.o
                config                             FFF8     FFF8        8        0       4
                init                                 7C       7C        4        C       0
                reset_vec                             0        0        4        0       0
dist/default/production\rn400t2-gs.X.production.o
                intcodelo                            18       18       64        C       0
                intcode                               8        8        6        4       0
                config                             FFF8     FFF8        8        0       4
                temp                                 51       51        1        1       1
                mediumconst                        2008     2008      398     1004       0
                intcode_body                       D79C     D79C       36     11D0       0
                text215                            DDE4     DDE4       16     11D0       0
                text214                            DEBC     DEBC        C     11D0       0
                text213                            DD34     DD34       1E     11D0       0
                text212                            CEC0     CEC0       4E     11D0       0
                text210                            DEDC     DEDC        A     11D0       0
                text209                            D656     D656       38     11D0       0
                text208                            C7E6     C7E6       6C     11D0       0
                text207                            DEB0     DEB0        C     11D0       0
                text206                            D926     D926       2E     11D0       0
                text205                            D9D8     D9D8       2C     11D0       0
                text204                            D9AC     D9AC       2C     11D0       0
                text203                            9F04     9F04      112     11D0       0
                text202                            9166     9166      154     11D0       0
                text201                            D766     D766       36     11D0       0
                text200                            DD16     DD16       1E     11D0       0
                text199                            DED2     DED2        A     11D0       0
                text198                            C104     C104       82     11D0       0
                text197                            C2F6     C2F6       78     11D0       0
                text196                            DCF8     DCF8       1E     11D0       0
                text195                            B606     B606       A8     11D0       0
                text194                            DEC8     DEC8        A     11D0       0
                text193                            D256     D256       42     11D0       0
                text192                            CD7C     CD7C       54     11D0       0
                text191                            CDD0     CDD0       52     11D0       0
                text190                            DB98     DB98       26     11D0       0
                text189                            D730     D730       36     11D0       0
                text188                            CCD2     CCD2       56     11D0       0
                text187                            B7FA     B7FA       A6     11D0       0
                text186                            B754     B754       A6     11D0       0
                text185                            8780     8780      20A     11D0       0
                text184                            4C0C     4C0C      528     11D0       0
                text183                            CB6E     CB6E       5C     11D0       0
                text182                            CC24     CC24       58     11D0       0
                text181                            CBCA     CBCA       5A     11D0       0
                text180                            DB72     DB72       26     11D0       0
                text179                            C778     C778       6E     11D0       0
                text178                            A900     A900       E4     11D0       0
                text177                            CFA4     CFA4       4A     11D0       0
                text176                            C080     C080       84     11D0       0
                text175                            DCDA     DCDA       1E     11D0       0
                text174                            DD6E     DD6E       1A     11D0       0
                text173                            DCBC     DCBC       1E     11D0       0
                text172                            B55E     B55E       A8     11D0       0
                text171                            8B88     8B88      19C     11D0       0
                text170                            CF0E     CF0E       4C     11D0       0
                text169                            DC9E     DC9E       1E     11D0       0
                text168                            AD32     AD32       D0     11D0       0
                text167                            B11E     B11E       C4     11D0       0
                text166                            B05A     B05A       C4     11D0       0
                text165                            A22E     A22E      10A     11D0       0
                text164                            CB12     CB12       5C     11D0       0
                text163                            BB06     BB06       94     11D0       0
                text162                            D61E     D61E       38     11D0       0
                text161                            A53C     A53C       FA     11D0       0
                text160                            C9F2     C9F2       66     11D0       0
                text159                            CD28     CD28       54     11D0       0
                text158                            B8A0     B8A0       A4     11D0       0
                text157                            DC80     DC80       1E     11D0       0
                text156                            C5B4     C5B4       74     11D0       0
                text155                            7C54     7C54      262     11D0       0
                text154                            A124     A124      10A     11D0       0
                text153                            B6AE     B6AE       A6     11D0       0
                text152                            AAC0     AAC0       D2     11D0       0
                text151                            AF96     AF96       C4     11D0       0
                text150                            B944     B944       98     11D0       0
                text149                            A818     A818       E8     11D0       0
                text148                            BC2C     BC2C       92     11D0       0
                text147                            D14C     D14C       44     11D0       0
                text146                            B9DC     B9DC       96     11D0       0
                text145                            9A50     9A50      138     11D0       0
                text144                            DC04     DC04       22     11D0       0
                text143                            D214     D214       42     11D0       0
                text142                            D8F8     D8F8       2E     11D0       0
                text141                            D5E6     D5E6       38     11D0       0
                text140                            8E96     8E96      16E     11D0       0
                text139                            DEF6     DEF6        4     11D0       0
                text138                            9914     9914      13C     11D0       0
                text137                            CE72     CE72       4E     11D0       0
                text136                            BD4E     BD4E       8C     11D0       0
                text135                            CA58     CA58       5E     11D0       0
                text134                            C540     C540       74     11D0       0
                text133                            AE02     AE02       CC     11D0       0
                text132                            B35E     B35E       AC     11D0       0
                text131                            92BA     92BA      152     11D0       0
                text130                            BE64     BE64       8A     11D0       0
                text129                            AC62     AC62       D0     11D0       0
                text128                            D8CA     D8CA       2E     11D0       0
                text127                            637E     637E      30C     11D0       0
                text126                            D036     D036       48     11D0       0
                text125                            B2A4     B2A4       BA     11D0       0
                text124                            C98C     C98C       66     11D0       0
                text123                            9696     9696      140     11D0       0
                text122                            A636     A636       F4     11D0       0
                text121                            A43E     A43E       FE     11D0       0
                text120                            5D3E     5D3E      32E     11D0       0
                text119                            D504     D504       3A     11D0       0
                text118                            DAAC     DAAC       2A     11D0       0
                text117                            79E8     79E8      26C     11D0       0
                text116                            DC62     DC62       1E     11D0       0
                text115                            BFFC     BFFC       84     11D0       0
                text114                            C708     C708       70     11D0       0
                text113                            5964     5964      3DA     11D0       0
                text112                            3E10     3E10      78E     11D0       0
                text111                            D1D2     D1D2       42     11D0       0
                text110                            C698     C698       70     11D0       0
                text109                            C852     C852       6A     11D0       0
                text108                            5588     5588      3DC     11D0       0
                text107                            DEEE     DEEE        8     11D0       0
                text106                            D190     D190       42     11D0       0
                text105                            DC44     DC44       1E     11D0       0
                text104                            DBBE     DBBE       24     11D0       0
                text103                            23A0     23A0      DF2     11D0       0
                text102                            B4B4     B4B4       AA     11D0       0
                text101                            BEEE     BEEE       88     11D0       0
                text100                            D89C     D89C       2E     11D0       0
                text99                             CAB6     CAB6       5C     11D0       0
                text98                             606C     606C      312     11D0       0
                text97                             DDFA     DDFA       14     11D0       0
                text96                             DDA0     DDA0       18     11D0       0
                text95                             DE72     DE72        E     11D0       0
                text94                             DEA4     DEA4        C     11D0       0
                text93                             7760     7760      288     11D0       0
                text92                             898A     898A      1FE     11D0       0
                text91                             A016     A016      10E     11D0       0
                text90                             D86A     D86A       32     11D0       0
                text89                             DE98     DE98        C     11D0       0
                text88                             D5AE     D5AE       38     11D0       0
                text87                             C4CC     C4CC       74     11D0       0
                text86                             DE54     DE54       10     11D0       0
                text85                             DE44     DE44       10     11D0       0
                text84                             DC26     DC26       1E     11D0       0
                text83                             D358     D358       40     11D0       0
                text82                             D6FA     D6FA       36     11D0       0
                text81                             D318     D318       40     11D0       0
                text80                             C924     C924       68     11D0       0
                text79                             9B88     9B88      132     11D0       0
                text78                             CE22     CE22       50     11D0       0
                text77                             A338     A338      106     11D0       0
                text76                             8568     8568      218     11D0       0
                text75                             DE32     DE32       12     11D0       0
                text74                             7EB6     7EB6      25A     11D0       0
                text73                             A9E4     A9E4       DC     11D0       0
                text72                             3192     3192      C7E     11D0       0
                text71                             9CBA     9CBA      128     11D0       0
                text70                             BDDA     BDDA       8A     11D0       0
                text69                             D07E     D07E       46     11D0       0
                text68                             C458     C458       74     11D0       0
                text67                             DE64     DE64        E     11D0       0
                text66                             DDCE     DDCE       16     11D0       0
                text65                             9DE2     9DE2      122     11D0       0
                text64                             DE8C     DE8C        C     11D0       0
                text63                             DE20     DE20       12     11D0       0
                text62                             DAFE     DAFE       28     11D0       0
                text61                             D6C4     D6C4       36     11D0       0
                text60                             BF76     BF76       86     11D0       0
                text59                             DDB8     DDB8       16     11D0       0
                text58                             C628     C628       70     11D0       0
                text57                             CF5A     CF5A       4A     11D0       0
                text56                             8D24     8D24      172     11D0       0
                text55                             DB4C     DB4C       26     11D0       0
                text54                             D414     D414       3E     11D0       0
                text53                             DA82     DA82       2A     11D0       0
                text52                             C204     C204       7A     11D0       0
                text51                             CC7C     CC7C       56     11D0       0
                text50                             C8BC     C8BC       68     11D0       0
                text49                             668A     668A      2EA     11D0       0
                text48                             834A     834A      21E     11D0       0
                text47                             6C5C     6C5C      2E6     11D0       0
                text46                             AECE     AECE       C8     11D0       0
                text45                             97D6     97D6      13E     11D0       0
                text44                             AB92     AB92       D0     11D0       0
                text43                             D2D8     D2D8       40     11D0       0
                text42                             C36E     C36E       76     11D0       0
                text41                             5134     5134      454     11D0       0
                text40                             720E     720E      2B6     11D0       0
                text39                             DA58     DA58       2A     11D0       0
                text38                             9554     9554      142     11D0       0
                text37                             CFEE     CFEE       48     11D0       0
                text36                             DE80     DE80        C     11D0       0
                text35                             9004     9004      162     11D0       0
                text34                             D980     D980       2C     11D0       0
                text33                             C186     C186       7E     11D0       0
                text32                             D68E     D68E       36     11D0       0
                text31                             DA2E     DA2E       2A     11D0       0
                text30                             DBE2     DBE2       22     11D0       0
                text29                             BB9A     BB9A       92     11D0       0
                text28                             C3E4     C3E4       74     11D0       0
                text27                             D3D6     D3D6       3E     11D0       0
                text26                             6F42     6F42      2CC     11D0       0
                text25                             6974     6974      2E8     11D0       0
                text24                             8110     8110      23A     11D0       0
                text23                             74C4     74C4      29C     11D0       0
                text22                             C27E     C27E       78     11D0       0
                text21                             DE0E     DE0E       12     11D0       0
                text20                             940C     940C      148     11D0       0
                text19                             B1E2     B1E2       C2     11D0       0
                text18                             B40A     B40A       AA     11D0       0
                text17                             D108     D108       44     11D0       0
                text16                             DD88     DD88       18     11D0       0
                text15                             D838     D838       32     11D0       0
                text14                             D954     D954       2C     11D0       0
                text13                             D398     D398       3E     11D0       0
                text12                             DD52     DD52       1C     11D0       0
                text11                             DB26     DB26       26     11D0       0
                text10                             DAD6     DAD6       28     11D0       0
                text9                              DA04     DA04       2A     11D0       0
                text8                              BA72     BA72       94     11D0       0
                text7                              D4CA     D4CA       3A     11D0       0
                text6                              D298     D298       40     11D0       0
                text5                              D0C4     D0C4       44     11D0       0
                text4                              D576     D576       38     11D0       0
                text3                              D53E     D53E       38     11D0       0
                text2                              459E     459E      66E     11D0       0
                text1                              BCBE     BCBE       90     11D0       0
                text0                              D806     D806       32     11D0       0
                cstackCOMRAM                          1        1       42        1       1
                cstackBANK0                          60       60       6F       60       1
                cstackBANK1                         1FD      1FD        3      100       1
                cstackBANK2                         2FC      2FC        4      200       1
                cstackBANK3                         3E3      3E3        F      300       1
                dataBANK7                           700      700       3C      700       1
                bssBANK6                            600      600       F2      600       1
                dataBANK5                           5C3      5C3       34      500       1
                bssBANK5                            500      500       C3      500       1
                dataBANK4                           4A3      4A3       3C      440       1
                bssBANK4                            440      440       63      440       1
                bssBANK3                            300      300       E3      300       1
                bssBANK2                            200      200       FC      200       1
                dataBANK1                           1F5      1F5        8      100       1
                bssBANK1                            100      100       F5      100       1
                bssBANK0                             CF       CF       2F       60       1
                bssCOMRAM                            43       43        E        1       1
                cinit                              A72A     A72A       EE     11D0       0
                _FlashSignatureWord_const          2006     2006        2     1003       0
                idataBANK7                         D48E     D48E       3C     11D0       0
                idataBANK5                         D7D2     D7D2       34     11D0       0
                idataBANK4                         D452     D452       3C     11D0       0
                idataBANK1                         DEE6     DEE6        8     11D0       0

TOTAL           Name                               Link     Load   Length     Space
        CLASS   STACK          

        CLASS   CODE           
                intcodelo                            18       18       64         0
                intcode                               8        8        6         0
                init                                 7C       7C        4         0
                reset_vec                             0        0        4         0
                intcode_body                       D79C     D79C       36         0
                text215                            DDE4     DDE4       16         0
                text214                            DEBC     DEBC        C         0
                text213                            DD34     DD34       1E         0
                text212                            CEC0     CEC0       4E         0
                text210                            DEDC     DEDC        A         0
                text209                            D656     D656       38         0
                text208                            C7E6     C7E6       6C         0
                text207                            DEB0     DEB0        C         0
                text206                            D926     D926       2E         0
                text205                            D9D8     D9D8       2C         0
                text204                            D9AC     D9AC       2C         0
                text203                            9F04     9F04      112         0
                text202                            9166     9166      154         0
                text201                            D766     D766       36         0
                text200                            DD16     DD16       1E         0
                text199                            DED2     DED2        A         0
                text198                            C104     C104       82         0
                text197                            C2F6     C2F6       78         0
                text196                            DCF8     DCF8       1E         0
                text195                            B606     B606       A8         0
                text194                            DEC8     DEC8        A         0
                text193                            D256     D256       42         0
                text192                            CD7C     CD7C       54         0
                text191                            CDD0     CDD0       52         0
                text190                            DB98     DB98       26         0
                text189                            D730     D730       36         0
                text188                            CCD2     CCD2       56         0
                text187                            B7FA     B7FA       A6         0
                text186                            B754     B754       A6         0
                text185                            8780     8780      20A         0
                text184                            4C0C     4C0C      528         0
                text183                            CB6E     CB6E       5C         0
                text182                            CC24     CC24       58         0
                text181                            CBCA     CBCA       5A         0
                text180                            DB72     DB72       26         0
                text179                            C778     C778       6E         0
                text178                            A900     A900       E4         0
                text177                            CFA4     CFA4       4A         0
                text176                            C080     C080       84         0
                text175                            DCDA     DCDA       1E         0
                text174                            DD6E     DD6E       1A         0
                text173                            DCBC     DCBC       1E         0
                text172                            B55E     B55E       A8         0
                text171                            8B88     8B88      19C         0
                text170                            CF0E     CF0E       4C         0
                text169                            DC9E     DC9E       1E         0
                text168                            AD32     AD32       D0         0
                text167                            B11E     B11E       C4         0
                text166                            B05A     B05A       C4         0
                text165                            A22E     A22E      10A         0
                text164                            CB12     CB12       5C         0
                text163                            BB06     BB06       94         0
                text162                            D61E     D61E       38         0
                text161                            A53C     A53C       FA         0
                text160                            C9F2     C9F2       66         0
                text159                            CD28     CD28       54         0
                text158                            B8A0     B8A0       A4         0
                text157                            DC80     DC80       1E         0
                text156                            C5B4     C5B4       74         0
                text155                            7C54     7C54      262         0
                text154                            A124     A124      10A         0
                text153                            B6AE     B6AE       A6         0
                text152                            AAC0     AAC0       D2         0
                text151                            AF96     AF96       C4         0
                text150                            B944     B944       98         0
                text149                            A818     A818       E8         0
                text148                            BC2C     BC2C       92         0
                text147                            D14C     D14C       44         0
                text146                            B9DC     B9DC       96         0
                text145                            9A50     9A50      138         0
                text144                            DC04     DC04       22         0
                text143                            D214     D214       42         0
                text142                            D8F8     D8F8       2E         0
                text141                            D5E6     D5E6       38         0
                text140                            8E96     8E96      16E         0
                text139                            DEF6     DEF6        4         0
                text138                            9914     9914      13C         0
                text137                            CE72     CE72       4E         0
                text136                            BD4E     BD4E       8C         0
                text135                            CA58     CA58       5E         0
                text134                            C540     C540       74         0
                text133                            AE02     AE02       CC         0
                text132                            B35E     B35E       AC         0
                text131                            92BA     92BA      152         0
                text130                            BE64     BE64       8A         0
                text129                            AC62     AC62       D0         0
                text128                            D8CA     D8CA       2E         0
                text127                            637E     637E      30C         0
                text126                            D036     D036       48         0
                text125                            B2A4     B2A4       BA         0
                text124                            C98C     C98C       66         0
                text123                            9696     9696      140         0
                text122                            A636     A636       F4         0
                text121                            A43E     A43E       FE         0
                text120                            5D3E     5D3E      32E         0
                text119                            D504     D504       3A         0
                text118                            DAAC     DAAC       2A         0
                text117                            79E8     79E8      26C         0
                text116                            DC62     DC62       1E         0
                text115                            BFFC     BFFC       84         0
                text114                            C708     C708       70         0
                text113                            5964     5964      3DA         0
                text112                            3E10     3E10      78E         0
                text111                            D1D2     D1D2       42         0
                text110                            C698     C698       70         0
                text109                            C852     C852       6A         0
                text108                            5588     5588      3DC         0
                text107                            DEEE     DEEE        8         0
                text106                            D190     D190       42         0
                text105                            DC44     DC44       1E         0
                text104                            DBBE     DBBE       24         0
                text103                            23A0     23A0      DF2         0
                text102                            B4B4     B4B4       AA         0
                text101                            BEEE     BEEE       88         0
                text100                            D89C     D89C       2E         0
                text99                             CAB6     CAB6       5C         0
                text98                             606C     606C      312         0
                text97                             DDFA     DDFA       14         0
                text96                             DDA0     DDA0       18         0
                text95                             DE72     DE72        E         0
                text94                             DEA4     DEA4        C         0
                text93                             7760     7760      288         0
                text92                             898A     898A      1FE         0
                text91                             A016     A016      10E         0
                text90                             D86A     D86A       32         0
                text89                             DE98     DE98        C         0
                text88                             D5AE     D5AE       38         0
                text87                             C4CC     C4CC       74         0
                text86                             DE54     DE54       10         0
                text85                             DE44     DE44       10         0
                text84                             DC26     DC26       1E         0
                text83                             D358     D358       40         0
                text82                             D6FA     D6FA       36         0
                text81                             D318     D318       40         0
                text80                             C924     C924       68         0
                text79                             9B88     9B88      132         0
                text78                             CE22     CE22       50         0
                text77                             A338     A338      106         0
                text76                             8568     8568      218         0
                text75                             DE32     DE32       12         0
                text74                             7EB6     7EB6      25A         0
                text73                             A9E4     A9E4       DC         0
                text72                             3192     3192      C7E         0
                text71                             9CBA     9CBA      128         0
                text70                             BDDA     BDDA       8A         0
                text69                             D07E     D07E       46         0
                text68                             C458     C458       74         0
                text67                             DE64     DE64        E         0
                text66                             DDCE     DDCE       16         0
                text65                             9DE2     9DE2      122         0
                text64                             DE8C     DE8C        C         0
                text63                             DE20     DE20       12         0
                text62                             DAFE     DAFE       28         0
                text61                             D6C4     D6C4       36         0
                text60                             BF76     BF76       86         0
                text59                             DDB8     DDB8       16         0
                text58                             C628     C628       70         0
                text57                             CF5A     CF5A       4A         0
                text56                             8D24     8D24      172         0
                text55                             DB4C     DB4C       26         0
                text54                             D414     D414       3E         0
                text53                             DA82     DA82       2A         0
                text52                             C204     C204       7A         0
                text51                             CC7C     CC7C       56         0
                text50                             C8BC     C8BC       68         0
                text49                             668A     668A      2EA         0
                text48                             834A     834A      21E         0
                text47                             6C5C     6C5C      2E6         0
                text46                             AECE     AECE       C8         0
                text45                             97D6     97D6      13E         0
                text44                             AB92     AB92       D0         0
                text43                             D2D8     D2D8       40         0
                text42                             C36E     C36E       76         0
                text41                             5134     5134      454         0
                text40                             720E     720E      2B6         0
                text39                             DA58     DA58       2A         0
                text38                             9554     9554      142         0
                text37                             CFEE     CFEE       48         0
                text36                             DE80     DE80        C         0
                text35                             9004     9004      162         0
                text34                             D980     D980       2C         0
                text33                             C186     C186       7E         0
                text32                             D68E     D68E       36         0
                text31                             DA2E     DA2E       2A         0
                text30                             DBE2     DBE2       22         0
                text29                             BB9A     BB9A       92         0
                text28                             C3E4     C3E4       74         0
                text27                             D3D6     D3D6       3E         0
                text26                             6F42     6F42      2CC         0
                text25                             6974     6974      2E8         0
                text24                             8110     8110      23A         0
                text23                             74C4     74C4      29C         0
                text22                             C27E     C27E       78         0
                text21                             DE0E     DE0E       12         0
                text20                             940C     940C      148         0
                text19                             B1E2     B1E2       C2         0
                text18                             B40A     B40A       AA         0
                text17                             D108     D108       44         0
                text16                             DD88     DD88       18         0
                text15                             D838     D838       32         0
                text14                             D954     D954       2C         0
                text13                             D398     D398       3E         0
                text12                             DD52     DD52       1C         0
                text11                             DB26     DB26       26         0
                text10                             DAD6     DAD6       28         0
                text9                              DA04     DA04       2A         0
                text8                              BA72     BA72       94         0
                text7                              D4CA     D4CA       3A         0
                text6                              D298     D298       40         0
                text5                              D0C4     D0C4       44         0
                text4                              D576     D576       38         0
                text3                              D53E     D53E       38         0
                text2                              459E     459E      66E         0
                text1                              BCBE     BCBE       90         0
                text0                              D806     D806       32         0
                cinit                              A72A     A72A       EE         0
                _FlashSignatureWord_const          2006     2006        2         0
                idataBANK7                         D48E     D48E       3C         0
                idataBANK5                         D7D2     D7D2       34         0
                idataBANK4                         D452     D452       3C         0
                idataBANK1                         DEE6     DEE6        8         0

        CLASS   CONST          

        CLASS   SMALLCONST     

        CLASS   MEDIUMCONST    
                mediumconst                        2008     2008      398         0

        CLASS   COMRAM         
                temp                                 51       51        1         1
                cstackCOMRAM                          1        1       42         1
                bssCOMRAM                            43       43        E         1

        CLASS   ABS1           
                abs_s1                              400      400       40         1

        CLASS   BIGRAM         

        CLASS   RAM            

        CLASS   BANK0          
                cstackBANK0                          60       60       6F         1
                bssBANK0                             CF       CF       2F         1

        CLASS   BANK1          
                cstackBANK1                         1FD      1FD        3         1
                dataBANK1                           1F5      1F5        8         1
                bssBANK1                            100      100       F5         1

        CLASS   BANK2          
                cstackBANK2                         2FC      2FC        4         1
                bssBANK2                            200      200       FC         1

        CLASS   BANK3          
                cstackBANK3                         3E3      3E3        F         1
                bssBANK3                            300      300       E3         1

        CLASS   BANK4          
                dataBANK4                           4A3      4A3       3C         1
                bssBANK4                            440      440       63         1

        CLASS   BANK5          
                dataBANK5                           5C3      5C3       34         1
                bssBANK5                            500      500       C3         1

        CLASS   BANK6          
                bssBANK6                            600      600       F2         1

        CLASS   BANK7          
                dataBANK7                           700      700       3C         1

        CLASS   BANK8          

        CLASS   BANK9          

        CLASS   BANK10         

        CLASS   BANK11         

        CLASS   BANK12         

        CLASS   BANK13         

        CLASS   BANK14         

        CLASS   SFR            

        CLASS   CONFIG         
                config                             FFF8     FFF8        8         4

        CLASS   FARRAM         

        CLASS   IDLOC          



SEGMENTS        Name                           Load    Length   Top    Selector   Space  Class

                reset_vec                      000000  000004  000004         0       0  CODE    
                cstackCOMRAM                   000001  000051  000052         1       1  COMRAM  
                intcode                        000008  000006  00000E         4       0  CODE    
                intcodelo                      000018  000068  000080         C       0  CODE    
                cstackBANK0                    000060  00009E  0000FE        60       1  BANK0   
                bssBANK1                       000100  000100  000200       100       1  BANK1   
                bssBANK2                       000200  000100  000300       200       1  BANK2   
                bssBANK3                       000300  0000F2  0003F2       300       1  BANK3   
                bssBANK4                       000440  00009F  0004DF       440       1  BANK4   
                bssBANK5                       000500  0000F7  0005F7       500       1  BANK5   
                bssBANK6                       000600  0000F2  0006F2       600       1  BANK6   
                dataBANK7                      000700  00003C  00073C       700       1  BANK7   
                _FlashSignatureWord_const      002006  000002  002008      1003       0  CODE    
                mediumconst                    002008  000398  0023A0      1004       0  MEDIUMCO
                text103                        0023A0  00BB5A  00DEFA      11D0       0  CODE    


UNUSED ADDRESS RANGES

        Name                Unused          Largest block    Delta
        BANK0            000FE-000FF               2
        BANK10           00A00-00AFF             100
        BANK11           00B00-00BFF             100
        BANK12           00C00-00CFF             100
        BANK13           00D00-00DFF             100
        BANK14           00E00-00EBF              C0
        BANK3            003F2-003FF               E
        BANK4            004DF-004FF              21
        BANK5            005F7-005FF               9
        BANK6            006F2-006FF               E
        BANK7            0073C-007FF              C4
        BANK8            00800-008FF             100
        BANK9            00900-009FF             100
        BIGRAM           00052-0005F               E
                         000FE-000FF               2
                         003F2-003FF               E
                         004DF-004FF              21
                         005F7-005FF               9
                         006F2-006FF               E
                         0073C-00EBF             784
        CODE             00004-00007               4
                         0000E-00017               A
                         00080-02005            1F86
                         0DEFA-0FFF7            20FE
        COMRAM           00052-0005F               E
        CONST            00004-00007               4
                         0000E-00017               A
                         00080-02005            1F86
                         0DEFA-0FFF7            20FE
        MEDIUMCONST      00F00-02005            1106
                         0DEFA-0FFF7            20FE
        RAM              000FE-000FF               2
                         003F2-003FF               E
                         004DF-004FF              21
                         005F7-005FF               9
                         006F2-006FF               E
                         0073C-00EBF             100
        SFR              00EC0-00FFF              60
        SMALLCONST       00F00-02005             100
                         0DEFA-0FFF7             100
        STACK            0073C-00EBF             784

                                  Symbol Table

?_ADCto_uVoltage                             cstackBANK0               0007D
?_FSR_set_LSB                                cstackCOMRAM              0000F
?_Kalman_updateEstimate                      cstackBANK0               0007D
?_USBTransferOnePacket                       cstackCOMRAM              0000F
?___aldiv                                    cstackCOMRAM              0000F
?___almod                                    cstackCOMRAM              0000F
?___awdiv                                    cstackCOMRAM              00015
?___awmod                                    cstackCOMRAM              0000F
?___fladd                                    cstackCOMRAM              00028
?___fldiv                                    cstackCOMRAM              0000F
?___flmul                                    cstackCOMRAM              00038
?___flneg                                    cstackCOMRAM              0000F
?___flsub                                    cstackBANK0               00060
?___fltol                                    cstackBANK0               0007D
?___lldiv                                    cstackCOMRAM              0000F
?___llmod                                    cstackCOMRAM              0000F
?___lmul                                     cstackCOMRAM              0000F
?___lwdiv                                    cstackCOMRAM              00015
?___lwmod                                    cstackCOMRAM              0000F
?___wmul                                     cstackCOMRAM              0000F
?___xxtofl                                   cstackCOMRAM              0000F
?__atof                                      cstackBANK0               0007D
?__atoi                                      cstackCOMRAM              0001B
?__div_to_l_                                 cstackCOMRAM              0000F
?__ftoa                                      cstackBANK0               000C3
?__itoa                                      cstackCOMRAM              0001D
?__strcpy                                    cstackCOMRAM              0000F
?__strlen                                    cstackCOMRAM              0000F
?__tdiv_to_l_                                cstackCOMRAM              0000F
?_build_time                                 cstackBANK0               00064
?_checksum                                   cstackCOMRAM              0000F
?_compensate_temperature                     cstackBANK0               0009D
?_ewmaFilter_get                             cstackBANK0               0007D
?_fabs                                       cstackBANK0               00068
?_fround                                     cstackBANK0               0007D
?_gasSensor_calib                            cstackBANK0               000A5
?_gasSensor_filter                           cstackBANK0               0009D
?_gasSensor_temperature                      cstackBANK0               0007D
?_get_product_desc                           cstackCOMRAM              0000F
?_isleap                                     cstackCOMRAM              00014
?_mktime                                     cstackCOMRAM              00036
?_modbusBitsToBytes                          cstackCOMRAM              0000F
?_modbusCRC                                  cstackCOMRAM              0000F
?_modbusMatchEndian                          cstackCOMRAM              0001B
?_modbusSwapEndian                           cstackCOMRAM              0000F
?_modbus_get_baudrate                        cstackCOMRAM              0000F
?_months_to_days                             cstackCOMRAM              0001C
?_param_copy                                 cstackCOMRAM              00010
?_rcallback                                  cstackCOMRAM              00013
?_scale                                      cstackBANK0               0007D
?_sprintf                                    cstackBANK0               0009D
?_years_to_days                              cstackCOMRAM              0001C
?_ymd_to_scalar                              cstackCOMRAM              00026
ACCESS_SourceSet@set                         cstackCOMRAM              00010
ADCto_uVoltage@gain                          cstackBANK0               0007F
ADCto_uVoltage@lsb                           cstackBANK0               00085
ADCto_uVoltage@raw_adc                       cstackBANK0               0007D
ADCto_uVoltage@uVolt                         cstackBANK0               00081
CDCTxService@byte_to_send                    cstackCOMRAM              00019
CDCTxService@i                               cstackCOMRAM              00018
DelayRoutine@DelayAmount                     cstackCOMRAM              0000F
FSR_set_LSB@gain                             cstackCOMRAM              00013
I2C_Read@I2CReadData                         cstackCOMRAM              00010
I2C_Read@ack                                 cstackCOMRAM              0000F
I2C_Write@I2cWriteData                       cstackCOMRAM              0000F
Kalman_setEstimateError@est_e                cstackCOMRAM              00011
Kalman_setEstimateError@pObj                 cstackCOMRAM              0000F
Kalman_setMeasurementError@mea_e             cstackCOMRAM              00011
Kalman_setMeasurementError@pObj              cstackCOMRAM              0000F
Kalman_setProcessNoise@pObj                  cstackCOMRAM              0000F
Kalman_setProcessNoise@q                     cstackCOMRAM              00011
Kalman_updateEstimate@mea                    cstackBANK0               0007F
Kalman_updateEstimate@pObj                   cstackBANK0               0007D
SYSTEM_Initialize@pll_startup_counter        cstackCOMRAM              0000F
SYSTEM_Initialize@pll_startup_counter_5972   cstackCOMRAM              00011
SYSTEM_Initialize@state                      cstackCOMRAM              00013
USBConfigureEndpoint@EPNum                   cstackCOMRAM              00014
USBConfigureEndpoint@direction               cstackCOMRAM              0000F
USBConfigureEndpoint@handle                  cstackCOMRAM              00015
USBCtrlTrfInHandler@lastDTS                  cstackCOMRAM              00010
USBCtrlTrfRxService@byteToRead               cstackCOMRAM              00010
USBCtrlTrfRxService@i                        cstackCOMRAM              0000F
USBCtrlTrfTxService@byteToSend               cstackCOMRAM              0000F
USBDeviceInit@i                              cstackCOMRAM              0001D
USBDeviceTasks@i                             cstackCOMRAM              0002B
USBEnableEndpoint@ep                         cstackCOMRAM              0001A
USBEnableEndpoint@options                    cstackCOMRAM              00017
USBEnableEndpoint@p                          cstackCOMRAM              00018
USBStdFeatureReqHandler@current_ep_data      cstackCOMRAM              00027
USBStdFeatureReqHandler@p                    cstackCOMRAM              00028
USBStdFeatureReqHandler@pUEP                 cstackCOMRAM              00025
USBStdGetStatusHandler@p                     cstackCOMRAM              00010
USBStdSetCfgHandler@i                        cstackCOMRAM              00023
USBTransferOnePacket@data                    cstackCOMRAM              00010
USBTransferOnePacket@dir                     cstackCOMRAM              0000F
USBTransferOnePacket@ep                      cstackCOMRAM              00015
USBTransferOnePacket@handle                  cstackCOMRAM              00016
USBTransferOnePacket@len                     cstackCOMRAM              00012
USER_USB_CALLBACK_EVENT_HANDLER@event        cstackCOMRAM              0001B
USER_USB_CALLBACK_EVENT_HANDLER@pdata        cstackCOMRAM              0001D
USER_USB_CALLBACK_EVENT_HANDLER@size         cstackCOMRAM              0001F
_ACCESS_SourceGet                            text89                    0DE98
_ACCESS_SourceSet                            text88                    0D5AE
_ADCto_uVoltage                              text28                    0C3E4
_ANCON0                                      (abs)                     00F48
_ANCON1                                      (abs)                     00F49
_BAUDCON1                                    (abs)                     00F7E
_BDT                                         (abs)                     00400
_BaudRateGen                                 bssBANK2                  00200
_Board_initialize                            text170                   0CF0E
_BothEP0OutUOWNsSet                          bssBANK0                  000F2
_CDCDataInHandle                             bssBANK1                  0014E
_CDCDataOutHandle                            bssBANK0                  000DE
_CDCInitEP                                   text160                   0C9F2
_CDCTxService                                text138                   09914
_CtrlTrfData                                 (abs)                     00438
_DelayRoutine                                text97                    0DDFA
_EECON1bits                                  (abs)                     00FA6
_EECON2                                      (abs)                     00FA7
_FSR_set_LSB                                 text29                    0BB9A
_FlashSignatureWord                          _FlashSignatureWord_const 02006
_FlashSignatureWord_absconstaddr             (abs)                     02006
_I2C_Bus_SourceGet                           text36                    0DE80
_I2C_Read                                    text34                    0D980
_I2C_Start                                   text86                    0DE54
_I2C_Stop                                    text85                    0DE44
_I2C_Write                                   text84                    0DC26
_INTCON2bits                                 (abs)                     00FF1
_INTCONbits                                  (abs)                     00FF2
_IPR1bits                                    (abs)                     00F9F
_InitTimer                                   text169                   0DC9E
_Kalman_setEstimateError                     text175                   0DCDA
_Kalman_setMeasurementError                  text174                   0DD6E
_Kalman_setProcessNoise                      text173                   0DCBC
_Kalman_updateEstimate                       text26                    06F42
_Kalman_updateEstimate$9455                  cstackBANK0               00087
_Kalman_updateEstimate$9456                  cstackBANK0               00083
_LATAbits                                    (abs)                     00F89
_LATBbits                                    (abs)                     00F8A
_OSCCON                                      (abs)                     00FD3
_OSCTUNEbits                                 (abs)                     00F9B
_PIE1bits                                    (abs)                     00F9D
_PIE2bits                                    (abs)                     00FA0
_PIR1bits                                    (abs)                     00F9E
_PIR2bits                                    (abs)                     00FA1
_PORTAbits                                   (abs)                     00F80
_POWER_Init                                  text210                   0DEDC
_RCONbits                                    (abs)                     00FD0
_RCREG1                                      (abs)                     00FAF
_RCSTA1                                      (abs)                     00FAC
_RCSTA1bits                                  (abs)                     00FAC
_RemoteWakeup                                bssBANK0                  000F5
_ResetBootloaderCleanly                      text95                    0DE72
_ResetDeviceCleanly                          text94                    0DEA4
_SPBRG1                                      (abs)                     00FB0
_SSP1ADD                                     (abs)                     00FC8
_SSP1BUF                                     (abs)                     00FC9
_SSP1CON1                                    (abs)                     00FC6
_SSP1CON2                                    (abs)                     00FC5
_SSP1CON2bits                                (abs)                     00FC5
_SSP1STAT                                    (abs)                     00FC7
_SSP1STATbits                                (abs)                     00FC7
_SYSTEM_Initialize                           text159                   0CD28
_SYS_InterruptHigh                           intcode                   00008
_SetupPkt                                    (abs)                     00430
_T0CONbits                                   (abs)                     00FD5
_TABLAT                                      (abs)                     00FF5
_TBLPTRH                                     (abs)                     00FF7
_TBLPTRL                                     (abs)                     00FF6
_TBLPTRU                                     (abs)                     00FF8
_TMR0L                                       (abs)                     00FD6
_TRISAbits                                   (abs)                     00F92
_TRISBbits                                   (abs)                     00F93
_TRISCbits                                   (abs)                     00F94
_TXREG                                       (abs)                     00FAE
_TXSTA1                                      (abs)                     00FAD
_TXSTA1bits                                  (abs)                     00FAD
_UADDR                                       (abs)                     00F38
_UCFG                                        (abs)                     00F39
_UCON                                        (abs)                     00F65
_UCONbits                                    (abs)                     00F65
_UEIE                                        (abs)                     00F37
_UEIR                                        (abs)                     00F63
_UEP0                                        (abs)                     00F26
_UEP0bits                                    (abs)                     00F26
_UEP1                                        (abs)                     00F27
_UIE                                         (abs)                     00F36
_UIEbits                                     (abs)                     00F36
_UIR                                         (abs)                     00F62
_UIRbits                                     (abs)                     00F62
_USB1msTickCount                             bssBANK2                  00204
_USBActiveConfiguration                      bssBANK0                  000FD
_USBAlternateInterface                       bssBANK1                  001F3
_USBBusIsSuspended                           bssBANK0                  000F4
_USBCheckCDCRequest                          text158                   0B8A0
_USBCheckStdRequest                          text151                   0AF96
_USBConfigureEndpoint                        text163                   0BB06
_USBCtrlEPAllowDataStage                     text150                   0B944
_USBCtrlEPAllowStatusStage                   text166                   0B05A
_USBCtrlEPService                            text146                   0B9DC
_USBCtrlEPServiceComplete                    text149                   0A818
_USBCtrlTrfInHandler                         text167                   0B11E
_USBCtrlTrfOutHandler                        text164                   0CB12
_USBCtrlTrfRxService                         text165                   0A22E
_USBCtrlTrfSetupHandler                      text148                   0BC2C
_USBCtrlTrfTxService                         text168                   0AD32
_USBDeferINDataStagePackets                  bssBANK0                  000EE
_USBDeferOUTDataStagePackets                 bssBANK0                  000ED
_USBDeferStatusStagePacket                   bssCOMRAM                 0004D
_USBDeviceInit                               text145                   09A50
_USBDeviceState                              bssBANK0                  000FA
_USBDeviceTasks                              text140                   08E96
_USBDisableWithLongDelay                     text96                    0DDA0
_USBEnableEndpoint                           text162                   0D61E
_USBIncrement1msInternalTimers               text144                   0DC04
_USBStallHandler                             text143                   0D214
_USBStatusStageEnabledFlag1                  bssBANK0                  000F0
_USBStatusStageEnabledFlag2                  bssBANK0                  000EF
_USBStatusStageTimeoutCounter                bssBANK0                  000F1
_USBStdFeatureReqHandler                     text155                   07C54
_USBStdGetDscHandler                         text154                   0A124
_USBStdGetStatusHandler                      text153                   0B6AE
_USBStdSetCfgHandler                         text152                   0AAC0
_USBSuspend                                  text142                   0D8F8
_USBTicksSinceSuspendEnd                     bssBANK0                  000EC
_USBTransferOnePacket                        text161                   0A53C
_USBWakeFromSuspend                          text141                   0D5E6
_USB_CD_Ptr                                  mediumconst               02094
_USB_SD_Ptr                                  mediumconst               02089
_USER_USB_CALLBACK_EVENT_HANDLER             text156                   0C5B4
_USTAT                                       (abs)                     00F64
_USTATcopy                                   bssCOMRAM                 00050
_WDTCONbits                                  (abs)                     00FC0
_WDT_initialize                              text139                   0DEF6
__HRAM                                       (abs)                     00000
__H_FlashSignatureWord_const                 _FlashSignatureWord_const 02008
__Habs1                                      abs1                      00000
__Hbank0                                     bank0                     00000
__Hbank1                                     bank1                     00000
__Hbank10                                    bank10                    00000
__Hbank11                                    bank11                    00000
__Hbank12                                    bank12                    00000
__Hbank13                                    bank13                    00000
__Hbank14                                    bank14                    00000
__Hbank2                                     bank2                     00000
__Hbank3                                     bank3                     00000
__Hbank4                                     bank4                     00000
__Hbank5                                     bank5                     00000
__Hbank6                                     bank6                     00000
__Hbank7                                     bank7                     00000
__Hbank8                                     bank8                     00000
__Hbank9                                     bank9                     00000
__Hbigbss                                    bigbss                    00000
__Hbigdata                                   bigdata                   00000
__Hbigram                                    bigram                    00000
__Hbss                                       bss                       00000
__HbssBANK0                                  bssBANK0                  00000
__HbssBANK1                                  bssBANK1                  00000
__HbssBANK2                                  bssBANK2                  00000
__HbssBANK3                                  bssBANK3                  00000
__HbssBANK4                                  bssBANK4                  00000
__HbssBANK5                                  bssBANK5                  00000
__HbssBANK6                                  bssBANK6                  00000
__HbssCOMRAM                                 bssCOMRAM                 00000
__Hcinit                                     cinit                     00000
__Hclrtext                                   clrtext                   00000
__Hcomram                                    comram                    00000
__Hconfig                                    config                    10000
__Hconst                                     const                     00000
__HcstackBANK0                               cstackBANK0               00000
__HcstackBANK1                               cstackBANK1               00000
__HcstackBANK2                               cstackBANK2               00000
__HcstackBANK3                               cstackBANK3               00000
__HcstackCOMRAM                              cstackCOMRAM              00000
__Hdata                                      data                      00000
__HdataBANK1                                 dataBANK1                 00000
__HdataBANK4                                 dataBANK4                 00000
__HdataBANK5                                 dataBANK5                 00000
__HdataBANK7                                 dataBANK7                 00000
__Hfarbss                                    farbss                    00000
__Hfardata                                   fardata                   00000
__Hibigdata                                  ibigdata                  00000
__Hidata                                     idata                     00000
__HidataBANK1                                idataBANK1                00000
__HidataBANK4                                idataBANK4                00000
__HidataBANK5                                idataBANK5                00000
__HidataBANK7                                idataBANK7                00000
__Hidloc                                     idloc                     00000
__Hifardata                                  ifardata                  00000
__Hinit                                      init                      00080
__Hintcode                                   intcode                   0000E
__Hintcode_body                              intcode_body              00000
__Hintcodelo                                 intcodelo                 0007C
__Hintentry                                  intentry                  00000
__Hintret                                    intret                    00000
__Hintsave_regs                              intsave_regs              00000
__Hirdata                                    irdata                    00000
__Hjflash_buffer                             jflash_buffer             0F800
__Hmediumconst                               mediumconst               023A0
__HnvFARRAM                                  nvFARRAM                  00000
__Hnvbit                                     nvbit                     00000
__Hnvrram                                    nvrram                    00000
__Hparam                                     rparam                    00000
__Hpowerup                                   powerup                   0007C
__Hram                                       ram                       00000
__Hramtop                                    ramtop                    00F00
__Hrbit                                      rbit                      00000
__Hrbss                                      rbss                      00000
__Hrdata                                     rdata                     00000
__Hreset_vec                                 reset_vec                 00004
__Hrparam                                    rparam                    00000
__Hsfr                                       sfr                       00000
__Hsmallconst                                smallconst                00000
__Hspace_0                                   (abs)                     0F800
__Hspace_1                                   (abs)                     0073C
__Hspace_2                                   (abs)                     00000
__Hspace_4                                   (abs)                     1FFF8
__Hstack                                     stack                     00000
__Hstruct                                    struct                    00000
__Htemp                                      temp                      00052
__Htext                                      text                      00000
__Htext0                                     text0                     00000
__Htext1                                     text1                     00000
__Htext10                                    text10                    00000
__Htext100                                   text100                   00000
__Htext101                                   text101                   00000
__Htext102                                   text102                   00000
__Htext103                                   text103                   00000
__Htext104                                   text104                   00000
__Htext105                                   text105                   00000
__Htext106                                   text106                   00000
__Htext107                                   text107                   00000
__Htext108                                   text108                   00000
__Htext109                                   text109                   00000
__Htext11                                    text11                    00000
__Htext110                                   text110                   00000
__Htext111                                   text111                   00000
__Htext112                                   text112                   00000
__Htext113                                   text113                   00000
__Htext114                                   text114                   00000
__Htext115                                   text115                   00000
__Htext116                                   text116                   00000
__Htext117                                   text117                   00000
__Htext118                                   text118                   00000
__Htext119                                   text119                   00000
__Htext12                                    text12                    00000
__Htext120                                   text120                   00000
__Htext121                                   text121                   00000
__Htext122                                   text122                   00000
__Htext123                                   text123                   00000
__Htext124                                   text124                   00000
__Htext125                                   text125                   00000
__Htext126                                   text126                   00000
__Htext127                                   text127                   00000
__Htext128                                   text128                   00000
__Htext129                                   text129                   00000
__Htext13                                    text13                    00000
__Htext130                                   text130                   00000
__Htext131                                   text131                   00000
__Htext132                                   text132                   00000
__Htext133                                   text133                   00000
__Htext134                                   text134                   00000
__Htext135                                   text135                   00000
__Htext136                                   text136                   00000
__Htext137                                   text137                   00000
__Htext138                                   text138                   00000
__Htext139                                   text139                   00000
__Htext14                                    text14                    00000
__Htext140                                   text140                   00000
__Htext141                                   text141                   00000
__Htext142                                   text142                   00000
__Htext143                                   text143                   00000
__Htext144                                   text144                   00000
__Htext145                                   text145                   00000
__Htext146                                   text146                   00000
__Htext147                                   text147                   00000
__Htext148                                   text148                   00000
__Htext149                                   text149                   00000
__Htext15                                    text15                    00000
__Htext150                                   text150                   00000
__Htext151                                   text151                   00000
__Htext152                                   text152                   00000
__Htext153                                   text153                   00000
__Htext154                                   text154                   00000
__Htext155                                   text155                   00000
__Htext156                                   text156                   00000
__Htext157                                   text157                   00000
__Htext158                                   text158                   00000
__Htext159                                   text159                   00000
[...]
ttemp5                                       temp                      00052
ttemp6                                       temp                      00055
ttemp7                                       temp                      00059
update_command@apply                         cstackBANK0               000AB
update_command@chno                          cstackBANK0               000AC
update_command@i                             cstackBANK0               000AA
update_command@status                        cstackBANK0               000A4
usart_getc@c                                 cstackCOMRAM              00001
usart_init@b                                 cstackCOMRAM              00024
usart_init@baudrate                          cstackCOMRAM              0001C
usart_putc@c                                 cstackCOMRAM              0000F
usart_writeBytes@i                           cstackCOMRAM              00013
usart_writeBytes@len                         cstackCOMRAM              00012
usart_writeBytes@wrptr                       cstackCOMRAM              00010
write_command@buff                           cstackCOMRAM              00016
wtemp8                                       temp                      00052
years_to_days@ret                            cstackCOMRAM              00022
years_to_days@yr                             cstackCOMRAM              0001C
ymd_to_scalar@day                            cstackCOMRAM              0002A
ymd_to_scalar@mo                             cstackCOMRAM              00028
ymd_to_scalar@scalar                         cstackCOMRAM              00032
ymd_to_scalar@yr                             cstackCOMRAM              00026


MODULE INFORMATION

Module		Function		Class		Link	Load	Size
nvm.c
		_nvm_read_flash_all		CODE           	DB72	0000	38
		_nvm_clear     		CODE           	DE32	0000	18
		_nvm_clear_channel		CODE           	8568	0000	536
		_nvm_flash_check		CODE           	CC24	0000	88
		_nvm_write_flash_all		CODE           	CFA4	0000	74
		_checksum      		CODE           	C4CC	0000	116
		_nvm_write_eeprom_all		CODE           	9B88	0000	306
		_nvm_init      		CODE           	C080	0000	132
		_nvm_sensor_type_channel		CODE           	7EB6	0000	602
		_nvm_read_eeprom_all		CODE           	DBE2	0000	34
		_nvm_clear_flash		CODE           	CB6E	0000	92

nvm.c estimated size: 2036

util/_ftoa.c
		__ftoa         		CODE           	D1D2	0000	66

util/_ftoa.c estimated size: 66

sensor.c
		_compensate_temperature		CODE           	6974	0000	744
		_max7323_set_lmp_off		CODE           	DAD6	0000	40
		_gasSensor_calib		CODE           	74C4	0000	668
		_sensor_ADC_read		CODE           	DE0E	0000	18
		_sensor_adc_init		CODE           	D0C4	0000	68
		_sensor_lmp_init		CODE           	BA72	0000	148
		_sensor_set_temp_mode		CODE           	D53E	0000	56
		_sensor_temp_fahrenheit		CODE           	C852	0000	106
		_sensor_set_gas_mode		CODE           	D576	0000	56
		_gasSensor_temperature		CODE           	B1E2	0000	194
		_ADCto_uVoltage		CODE           	C3E4	0000	116
		_FSR_set_LSB   		CODE           	BB9A	0000	146
		_sensor_init   		CODE           	D4CA	0000	58
		_gasSensor_filter		CODE           	8110	0000	570
		_max7323_set_lmp_on		CODE           	DA04	0000	42

sensor.c estimated size: 3030

bsp/lmp91000.c
		_lmp91000_get_status		CODE           	D108	0000	68
		_lmp91000_set_GainRLoad		CODE           	D838	0000	50
		_lmp91000_set_Mode		CODE           	D954	0000	44
		_lmp91000_set_Reference		CODE           	D398	0000	62
		_lmp91000_isReady		CODE           	DD88	0000	24
		_lmp91000_unlock		CODE           	DD52	0000	28

bsp/lmp91000.c estimated size: 276

util/_atof.c
		__atof         		CODE           	898A	0000	510

util/_atof.c estimated size: 510

util/buffer.c
		_buffer_de_queue		CODE           	C540	0000	116
		_buffer_en_queue		CODE           	CE72	0000	78
		_buffer_de_queue_bool		CODE           	C204	0000	122
		_buffer_init   		CODE           	D926	0000	46

util/buffer.c estimated size: 362

lightmodbus/master/mbcoils.c
		_modbusBuildRequest0102		CODE           	8D24	0000	370
		_modbusBuildRequest05		CODE           	9DE2	0000	290

lightmodbus/master/mbcoils.c estimated size: 660

C:\Program Files\Microchip\xc8\v2.32\pic\sources\c90\common\isdigit.c
		_isdigit       		CODE           	DC62	0000	30

C:\Program Files\Microchip\xc8\v2.32\pic\sources\c90\common\isdigit.c estimated size: 30

bsp/rs485.c
		_rs485_readByte		CODE           	DD34	0000	30
		_rs485_writeBytes		CODE           	D6C4	0000	54
		_rs485_init    		CODE           	DCF8	0000	30

bsp/rs485.c estimated size: 114

C:\Program Files\Microchip\xc8\v2.32\pic\sources\c90\common\sprcadd.c
		___flsub       		CODE           	D036	0000	72
		___fladd       		CODE           	637E	0000	780

C:\Program Files\Microchip\xc8\v2.32\pic\sources\c90\common\sprcadd.c estimated size: 852

usb_descriptors.c
		_get_product_desc		CODE           	DEC8	0000	10

usb_descriptors.c estimated size: 10

lightmodbus/master/mbcoils.h
		_modbusBuildRequest01@mbcoils$F4614		CODE           	DB4C	0000	38

lightmodbus/master/mbcoils.h estimated size: 38

C:\Program Files\Microchip\xc8\v2.32\pic\sources\c90\common\flge.c
		___flge        		CODE           	AC62	0000	208

C:\Program Files\Microchip\xc8\v2.32\pic\sources\c90\common\flge.c estimated size: 208

C:\Program Files\Microchip\xc8\v2.32\pic\sources\c90\common\mktime.c
		_mktime        		CODE           	8780	0000	522
		_isleap        		CODE           	CD7C	0000	84
		_months_to_days		CODE           	D730	0000	54
		_ymd_to_scalar 		CODE           	B754	0000	166
		_years_to_days 		CODE           	B7FA	0000	166

C:\Program Files\Microchip\xc8\v2.32\pic\sources\c90\common\mktime.c estimated size: 992

lightmodbus/lightmodbus.c
		_modbusCRC     		CODE           	C458	0000	116
		_modbusMatchEndian		CODE           	DDCE	0000	22
		_modbusSwapEndian		CODE           	DE64	0000	14
		_modbusBitsToBytes		CODE           	CF5A	0000	74

lightmodbus/lightmodbus.c estimated size: 226

C:\Program Files\Microchip\xc8\v2.32\pic\sources\c90\common\Umul32.c
		___lmul        		CODE           	CCD2	0000	86

C:\Program Files\Microchip\xc8\v2.32\pic\sources\c90\common\Umul32.c estimated size: 86

bsp/usart.c
		_usart_rx_ready		CODE           	DEBC	0000	12
		_usart_getc    		CODE           	DDE4	0000	22
		_usart_writeBytes		CODE           	DAFE	0000	40
		_usart_putc    		CODE           	DE20	0000	18
		_usart_tx_empty		CODE           	DE8C	0000	12
		_usart_init    		CODE           	C2F6	0000	120

bsp/usart.c estimated size: 224

C:\Program Files\Microchip\xc8\v2.32\pic\sources\c90\common\fldivl.c
		__div_to_l_    		CODE           	A636	0000	244

C:\Program Files\Microchip\xc8\v2.32\pic\sources\c90\common\fldivl.c estimated size: 244

bsp/max7323.c
		_max7323_set_gpio		CODE           	DB26	0000	38

bsp/max7323.c estimated size: 38

C:\Program Files\Microchip\xc8\v2.32\pic\sources\c90\common\flneg.c
		___flneg       		CODE           	D8CA	0000	46

C:\Program Files\Microchip\xc8\v2.32\pic\sources\c90\common\flneg.c estimated size: 46

C:\Program Files\Microchip\xc8\v2.32\pic\sources\c90\common\xxtofl.c
		___xxtofl      		CODE           	9696	0000	320

C:\Program Files\Microchip\xc8\v2.32\pic\sources\c90\common\xxtofl.c estimated size: 320

C:\Program Files\Microchip\xc8\v2.32\pic\sources\c90\common\lbdiv.c
		___lbdiv       		CODE           	D504	0000	58

C:\Program Files\Microchip\xc8\v2.32\pic\sources\c90\common\lbdiv.c estimated size: 58

bsp/eep24AA02.c
		_eeprom_RandomRead		CODE           	DA2E	0000	42
		_eeprom_writePage		CODE           	C924	0000	104

bsp/eep24AA02.c estimated size: 146

app_sens_measure.c
		_sensMeasure_init		CODE           	8B88	0000	412
		_sensMeasure_gas_read		CODE           	940C	0000	328
		_sensMeasure_temp_read		CODE           	B40A	0000	170
		_sensMeasure_sensor_init		CODE           	B55E	0000	168
		_sensMeasure_task		CODE           	459E	0000	1646

app_sens_measure.c estimated size: 2724

filter.c
		_Kalman_updateEstimate		CODE           	6F42	0000	716
		_Kalman_setProcessNoise		CODE           	DCBC	0000	30
		_Kalman_setEstimateError		CODE           	DCDA	0000	30
		_Kalman_setMeasurementError		CODE           	DD6E	0000	26
		_ewmaFilter_get		CODE           	9004	0000	354

filter.c estimated size: 1156

C:\Program Files\Microchip\xc8\v2.32\pic\sources\c90\common\fabs.c
		_fabs          		CODE           	D3D6	0000	62

C:\Program Files\Microchip\xc8\v2.32\pic\sources\c90\common\fabs.c estimated size: 62

C:\Program Files\Microchip\xc8\v2.32\pic\sources\c90\common\memset.c
		_memset        		CODE           	D9AC	0000	44

C:\Program Files\Microchip\xc8\v2.32\pic\sources\c90\common\memset.c estimated size: 44

lightmodbus/slave/sregs.c
		_modbusParseRequest0304		CODE           	5134	0000	1108

lightmodbus/slave/sregs.c estimated size: 1108

lightmodbus/master/mpcoils.c
		_modbusParseResponse05		CODE           	834A	0000	542
		_modbusParseResponse0102		CODE           	668A	0000	746

lightmodbus/master/mpcoils.c estimated size: 1288

util/_atoi.c
		__atoi         		CODE           	A016	0000	270

util/_atoi.c estimated size: 270

C:\Program Files\Microchip\xc8\v2.32\pic\sources\c90\common\lwmod.c
		___lwmod       		CODE           	D256	0000	66

C:\Program Files\Microchip\xc8\v2.32\pic\sources\c90\common\lwmod.c estimated size: 66

C:\Program Files\Microchip\xc8\v2.32\pic\sources\c90\common\awmod.c
		___awmod       		CODE           	C708	0000	112

C:\Program Files\Microchip\xc8\v2.32\pic\sources\c90\common\awmod.c estimated size: 112

lightmodbus/master.c
		_modbusMasterInit		CODE           	9F04	0000	274
		_modbusParseResponse		CODE           	6C5C	0000	742
		_modbusMasterEnd		CODE           	CC7C	0000	86
		_modbusParseException		CODE           	C8BC	0000	104

lightmodbus/master.c estimated size: 1206

bsp/flash.c
		_flash_readBytes		CODE           	CBCA	0000	90
		_flash_writeBytes		CODE           	A900	0000	228
		_flash_clear   		CODE           	C778	0000	110

bsp/flash.c estimated size: 428

util/build_time.c
		_build_time    		CODE           	4C0C	0000	1320

util/build_time.c estimated size: 1320

C:\Program Files\Microchip\xc8\v2.32\pic\sources\c90\common\llmod.c
		___llmod       		CODE           	C98C	0000	102

C:\Program Files\Microchip\xc8\v2.32\pic\sources\c90\common\llmod.c estimated size: 102

usb/usb_device.c
		_USBCtrlTrfInHandler		CODE           	B11E	0000	196
		_USBTransferOnePacket		CODE           	A53C	0000	250
		_USBStdGetDscHandler		CODE           	A124	0000	266
		_USBCtrlEPAllowDataStage		CODE           	B944	0000	152
		_USBStdFeatureReqHandler		CODE           	7C54	0000	610
		_USBCtrlEPAllowStatusStage		CODE           	B05A	0000	196
		_USBCtrlTrfSetupHandler		CODE           	BC2C	0000	146
		_USBCtrlTrfOutHandler		CODE           	CB12	0000	92
		_USBCtrlEPServiceComplete		CODE           	A818	0000	232
		_USBSuspend    		CODE           	D8F8	0000	46
		_USBStdSetCfgHandler		CODE           	AAC0	0000	210
		_USBStdGetStatusHandler		CODE           	B6AE	0000	166
		_USBWakeFromSuspend		CODE           	D5E6	0000	56
		_USBCtrlTrfRxService		CODE           	A22E	0000	266
		_USBCtrlTrfTxService		CODE           	AD32	0000	208
		_USBEnableEndpoint		CODE           	D61E	0000	56
		_USBConfigureEndpoint		CODE           	BB06	0000	148
		_USBDeviceInit 		CODE           	9A50	0000	312
		_USBIncrement1msInternalTimers		CODE           	DC04	0000	34
		_USBCtrlEPService		CODE           	B9DC	0000	150
		_USBStallHandler		CODE           	D214	0000	66
		_USBDeviceTasks		CODE           	8E96	0000	366
		_USBCheckStdRequest		CODE           	AF96	0000	196

usb/usb_device.c estimated size: 4420

C:\Program Files\Microchip\xc8\v2.32\pic\sources\c90\common\almod.c
		___almod       		CODE           	B35E	0000	172

C:\Program Files\Microchip\xc8\v2.32\pic\sources\c90\common\almod.c estimated size: 172

usb/usb_device_cdc.c
		_CDCTxService  		CODE           	9914	0000	316
		_CDCInitEP     		CODE           	C9F2	0000	102
		_putUSBUSART   		CODE           	DC44	0000	30
		_getsUSBUSART  		CODE           	BD4E	0000	140
		_USBCheckCDCRequest		CODE           	B8A0	0000	164

usb/usb_device_cdc.c estimated size: 752

bsp/i2c.c
		_I2C_Write     		CODE           	DC26	0000	30
		_i2c_readBytes_from		CODE           	D68E	0000	54
		_I2C_Stop      		CODE           	DE44	0000	16
		_I2C_Read      		CODE           	D980	0000	44
		_i2c_writeData 		CODE           	D358	0000	64
		_i2c_init      		CODE           	D9D8	0000	44
		_I2C_Start     		CODE           	DE54	0000	16
		_i2c_writeBytes		CODE           	D6FA	0000	54
		_i2c_readBytes 		CODE           	C186	0000	126
		_i2c_writeBytes_to		CODE           	D318	0000	64

bsp/i2c.c estimated size: 512

shared
		_configDescriptor1		MEDIUMCONST    	2284	0000	67
		_USB_CD_Ptr    		MEDIUMCONST    	2094	0000	2
		_sd001         		MEDIUMCONST    	22C7	0000	52
		_g_timeout     		MEDIUMCONST    	208F	0000	5
		__powers_      		MEDIUMCONST    	2009	0000	52
		_dpowers       		MEDIUMCONST    	22FB	0000	40
		i1_buffer_en_queue		CODE           	CEC0	0000	78
		_FlashSignatureWord		CODE           	2006	0000	2
		__npowers_     		MEDIUMCONST    	203D	0000	52
		__initialization		CODE           	A72A	0000	224
		_device_dsc    		MEDIUMCONST    	2323	0000	18
		_atcommand_type		MEDIUMCONST    	2096	0000	494
		_g_baudrate    		MEDIUMCONST    	2071	0000	24
		_USB_SD_Ptr    		MEDIUMCONST    	2089	0000	6
		_sd000         		MEDIUMCONST    	2335	0000	4

shared estimated size: 1120

C:\Program Files\Microchip\xc8\v2.32\pic\sources\c90\common\fleq.c
		___fleq        		CODE           	BE64	0000	138

C:\Program Files\Microchip\xc8\v2.32\pic\sources\c90\common\fleq.c estimated size: 138

bsp/ads1114.c
		_ads1114_read  		CODE           	C27E	0000	120
		_ads1114_SetUp 		CODE           	D298	0000	64

bsp/ads1114.c estimated size: 184

C:\Program Files\Microchip\xc8\v2.32\pic\sources\c90\common\sprcmul.c
		___flmul       		CODE           	5D3E	0000	814

C:\Program Files\Microchip\xc8\v2.32\pic\sources\c90\common\sprcmul.c estimated size: 814

util/_string.c
		__strcpy       		CODE           	C698	0000	112
		__strlen       		CODE           	D190	0000	66
		__isdigit      		CODE           	D86A	0000	50
		__strclr       		CODE           	D656	0000	56

util/_string.c estimated size: 284

app_atcommand.c
		_eeprom_update 		CODE           	CE22	0000	80
		_build_response		CODE           	23A0	0000	3570
		_split_param   		CODE           	A9E4	0000	220
		_param_copy    		CODE           	CAB6	0000	92
		_eeprom_update_all		CODE           	A338	0000	262
		_check_param   		CODE           	D89C	0000	46
		_display_sensor_value		CODE           	5588	0000	988
		_parse_command 		CODE           	606C	0000	786
		_write_command 		CODE           	DBBE	0000	36
		_check_atcommand		CODE           	BEEE	0000	136
		_atcommand_compare		CODE           	B4B4	0000	170
		_atcommand_task		CODE           	9CBA	0000	296
		_clear_command 		CODE           	C7E6	0000	108
		_atcommand_init		CODE           	DEB0	0000	12
		_update_command		CODE           	3192	0000	3198

app_atcommand.c estimated size: 10000

lightmodbus/slave.c
		_modbusBuildException		CODE           	AB92	0000	208
		_modbusSlaveEnd		CODE           	DA58	0000	42
		_modbusSlaveInit		CODE           	9166	0000	340
		_modbusBuildExceptionErr		CODE           	D2D8	0000	64
		_modbusParseRequest		CODE           	720E	0000	694

lightmodbus/slave.c estimated size: 1348

C:\Program Files\Microchip\xc8\v2.32\pic\sources\c90\common\sprcdiv.c
		___fldiv       		CODE           	7760	0000	648

C:\Program Files\Microchip\xc8\v2.32\pic\sources\c90\common\sprcdiv.c estimated size: 648

C:\Program Files\Microchip\xc8\v2.32\pic\sources\c90\common\doprnt.c
		_scale         		CODE           	5964	0000	986
		_sprintf       		CODE           	3E10	0000	1934
		_fround        		CODE           	79E8	0000	620

C:\Program Files\Microchip\xc8\v2.32\pic\sources\c90\common\doprnt.c estimated size: 3540

usb_events.c
		_USER_USB_CALLBACK_EVENT_HANDLER		CODE           	C5B4	0000	116

usb_events.c estimated size: 116

C:\Program Files\Microchip\xc8\v2.32\pic\sources\c90\common\memcpy.c
		_memcpy        		CODE           	D14C	0000	68

C:\Program Files\Microchip\xc8\v2.32\pic\sources\c90\common\memcpy.c estimated size: 68

C:\Program Files\Microchip\xc8\v2.32\pic\sources\c90\common\ftdivl.c
		__tdiv_to_l_   		CODE           	A43E	0000	254

C:\Program Files\Microchip\xc8\v2.32\pic\sources\c90\common\ftdivl.c estimated size: 254

util/_itoa.c
		__itoa         		CODE           	92BA	0000	338

util/_itoa.c estimated size: 338

app_usb_cdc.c
		_app_usb_task  		CODE           	CA58	0000	94
		_app_usb_init  		CODE           	DC80	0000	30

app_usb_cdc.c estimated size: 124

C:\Program Files\Microchip\xc8\v2.32\pic\sources\c90\common\lwdiv.c
		___lwdiv       		CODE           	CDD0	0000	82

C:\Program Files\Microchip\xc8\v2.32\pic\sources\c90\common\lwdiv.c estimated size: 82

C:\Program Files\Microchip\xc8\v2.32\pic\sources\c90\common\awdiv.c
		___awdiv       		CODE           	BFFC	0000	132

C:\Program Files\Microchip\xc8\v2.32\pic\sources\c90\common\awdiv.c estimated size: 132

C:\Program Files\Microchip\xc8\v2.32\pic\sources\c90\common\Umul16.c
		___wmul        		CODE           	DB98	0000	38

C:\Program Files\Microchip\xc8\v2.32\pic\sources\c90\common\Umul16.c estimated size: 38

main.c
		_InitTimer     		CODE           	DC9E	0000	30
		_main          		CODE           	D806	0000	50
		_Board_initialize		CODE           	CF0E	0000	76
		_rs485_read_task		CODE           	0018	0000	100
		_WDT_initialize		CODE           	DEF6	0000	4
		_usedtime_task 		CODE           	BCBE	0000	144

main.c estimated size: 404

C:\Program Files\Microchip\xc8\v2.32\pic\sources\c90\common\fltol.c
		___fltol       		CODE           	B2A4	0000	186

C:\Program Files\Microchip\xc8\v2.32\pic\sources\c90\common\fltol.c estimated size: 186

bsp/power.c
		_POWER_Init    		CODE           	DEDC	0000	10
		_ACCESS_SourceGet		CODE           	DE98	0000	12
		_ACCESS_SourceSet		CODE           	D5AE	0000	56
		_I2C_Bus_SourceGet		CODE           	DE80	0000	12

bsp/power.c estimated size: 90

app_modbus.c
		_modbus_master_task		CODE           	97D6	0000	318
		_modbus_check_threshold		CODE           	D07E	0000	70
		_modbus_master_relay_status_task		CODE           	DA82	0000	42
		_modbus_master_relay_control_task		CODE           	C628	0000	112
		_modbus_check_event		CODE           	BDDA	0000	138
		_modbus_relay_status		CODE           	D414	0000	62
		_modbus_get_timeout		CODE           	DD16	0000	30
		_modbus_master_response_parse		CODE           	AECE	0000	200
		_modbus_relay_ouput		CODE           	BF76	0000	134
		_modbus_task   		CODE           	CFEE	0000	72
		_modbus_init   		CODE           	B606	0000	168
		_modbus_get_baudrate		CODE           	D766	0000	54
		_modbus_slave_task		CODE           	9554	0000	322
		_modbus_fire_event		CODE           	DDB8	0000	22
		_modbus_set_register		CODE           	DED2	0000	10
		_rcallback     		CODE           	C36E	0000	118
		_modbus_set_swap		CODE           	DEEE	0000	8

app_modbus.c estimated size: 1880

C:\Program Files\Microchip\xc8\v2.32\pic\sources\c90\common\lbmod.c
		___lbmod       		CODE           	DAAC	0000	42

C:\Program Files\Microchip\xc8\v2.32\pic\sources\c90\common\lbmod.c estimated size: 42

system.c
		_SYS_InterruptHigh		CODE           	0008	0000	60
		_USBDisableWithLongDelay		CODE           	DDA0	0000	24
		_DelayRoutine  		CODE           	DDFA	0000	20
		_ResetDeviceCleanly		CODE           	DEA4	0000	12
		_SYSTEM_Initialize		CODE           	CD28	0000	84
		_ResetBootloaderCleanly		CODE           	DE72	0000	14

system.c estimated size: 214

C:\Program Files\Microchip\xc8\v2.32\pic\sources\c90\common\aldiv.c
		___aldiv       		CODE           	AE02	0000	204

C:\Program Files\Microchip\xc8\v2.32\pic\sources\c90\common\aldiv.c estimated size: 204

C:\Program Files\Microchip\xc8\v2.32\pic\sources\c90\common\__lldiv.c
		___lldiv       		CODE           	C104	0000	130

C:\Program Files\Microchip\xc8\v2.32\pic\sources\c90\common\__lldiv.c estimated size: 130

